---
http_interactions:
- request:
    method: post
    uri: https://HIGHRISE_API_TOKEN:@HIGHRISE_SITE_HOST/people.xml
    body:
      encoding: UTF-8
      string: |
        <?xml version="1.0" encoding="UTF-8"?>
        <person>
          <first-name>Estella</first-name>
          <last-name>Corwin</last-name>
          <contact-data>
            <email-addresses type="array">
              <email-address>
                <address>layne@keler.biz</address>
                <location>Work</location>
              </email-address>
            </email-addresses>
            <addresses type="array">
              <address>
                <city>Lake Carlie</city>
                <country>Ireland</country>
                <location>Work</location>
                <state>Maryland</state>
                <street>462 Balistreri Mountains</street>
                <zip>44245-5099</zip>
              </address>
            </addresses>
            <phone-numbers type="array">
              <phone-number>
                <location>Work</location>
                <number>6829683613466761122856293</number>
              </phone-number>
            </phone-numbers>
            <customer-id>2753718696</customer-id>
          </contact-data>
        </person>
    headers:
      Content-Type:
      - application/xml
      Accept-Encoding:
      - gzip;q=1.0,deflate;q=0.6,identity;q=0.3
      Accept:
      - "*/*"
      User-Agent:
      - Ruby
  response:
    status:
      code: 201
      message: Created
    headers:
      Server:
      - nginx
      Date:
      - Mon, 09 Jun 2014 00:08:26 GMT
      Content-Type:
      - application/xml; charset=utf-8
      Content-Length:
      - '840'
      Connection:
      - Keep-Alive
      Status:
      - 201 Created
      X-Throttle-Max:
      - '500'
      X-Throttle-Count:
      - '1'
      Location:
      - https://HIGHRISE_SITE_HOST/people/209174633-estella-corwin
      Set-Cookie:
      - _sunrise_session=BAh7ByIKZmxhc2hJQzonQWN0aW9uQ29udHJvbGxlcjo6Rmxhc2g6OkZsYXNoSGFzaHsGOg9uZXdfcGVyc29uVAY6CkB1c2VkewY7BkY6D3Nlc3Npb25faWQiJTNjNDYwYzZiYTU4MjgzNjlkNjQ2OTNiNmE2MDcxNWM1--c37c0b2ec509a29b787fd51127c9287c45291779;
        path=/; HttpOnly; secure
      X-Frame-Options:
      - SAMEORIGIN
      X-Throttle-Horizon:
      - '2014-06-09T00:08:30Z'
      X-Runtime:
      - '230'
      X-Request-Id:
      - 811140da3ea743a76d2d5c1d5f7e02b7
      Strict-Transport-Security:
      - max-age=31536000
      Cache-Control:
      - no-cache
      Timing-Allow-Origin:
      - "*"
      Vary:
      - Accept-Encoding
    body:
      encoding: UTF-8
      string: |
        <?xml version="1.0" encoding="UTF-8"?>
        <person>
          <author-id type="integer">1039339</author-id>
          <background nil="true"></background>
          <company-id type="integer" nil="true"></company-id>
          <created-at type="datetime">2014-06-09T00:08:26Z</created-at>
          <first-name>Estella</first-name>
          <group-id type="integer" nil="true"></group-id>
          <id type="integer">209174633</id>
          <last-name>Corwin</last-name>
          <owner-id type="integer" nil="true"></owner-id>
          <title nil="true"></title>
          <updated-at type="datetime">2014-06-09T00:08:26Z</updated-at>
          <visible-to>Everyone</visible-to>
          <company-name nil="true"></company-name>
          <linkedin-url nil="true"></linkedin-url>
          <avatar-url>http://dge9rmgqjs8m1.cloudfront.net/highrise/missing/avatar.gif?r=3</avatar-url>
        <contact-data>
          <phone-numbers type="array">
            <phone-number>
              <id type="integer">168746298</id>
              <location>Work</location>
              <number>6829683613466761122856293</number>
            </phone-number>
          </phone-numbers>
          <web-addresses type="array"/>
          <email-addresses type="array">
            <email-address>
              <address>layne@keler.biz</address>
              <id type="integer">107130726</id>
              <location>Work</location>
            </email-address>
          </email-addresses>
          <instant-messengers type="array"/>
          <addresses type="array">
            <address>
              <city>Lake Carlie</city>
              <country>Ireland</country>
              <id type="integer">100260812</id>
              <location>Work</location>
              <state>Maryland</state>
              <street>462 Balistreri Mountains</street>
              <zip>44245-5099</zip>
            </address>
          </addresses>
          <twitter-accounts type="array"/>
        </contact-data>
        <subject_datas type="array">
          <subject_data>
            <id type="integer">126425031</id>
            <subject_field_id type="integer">899028</subject_field_id>
            <subject_field_label>Customer ID</subject_field_label>
            <value>2753718696</value>
          </subject_data>
        </subject_datas>
        </person>
    http_version: 
  recorded_at: Mon, 09 Jun 2014 00:08:26 GMT
- request:
    method: get
    uri: https://HIGHRISE_API_TOKEN:@HIGHRISE_SITE_HOST/people/search.xml?criteria%5Bcustomer_id%5D=2753718696&n=0
    body:
      encoding: US-ASCII
      string: ''
    headers:
      Accept:
      - application/xml
      Accept-Encoding:
      - gzip;q=1.0,deflate;q=0.6,identity;q=0.3
      User-Agent:
      - Ruby
  response:
    status:
      code: 200
      message: OK
    headers:
      Server:
      - nginx
      Date:
      - Mon, 09 Jun 2014 00:08:27 GMT
      Content-Type:
      - application/xml; charset=utf-8
      Content-Length:
      - '864'
      Connection:
      - Keep-Alive
      Status:
      - 200 OK
      X-Runtime:
      - '24'
      Cache-Control:
      - private, max-age=0, must-revalidate
      X-Throttle-Horizon:
      - '2014-06-09T00:08:30Z'
      X-Throttle-Count:
      - '2'
      X-Frame-Options:
      - SAMEORIGIN
      X-Throttle-Max:
      - '500'
      Strict-Transport-Security:
      - max-age=31536000
      X-Request-Id:
      - 669d63598c547545670285fcce80d8bd
      Etag:
      - '"f152d7f6d6e2ae0b7e57a9963abeea6d"'
      Timing-Allow-Origin:
      - "*"
      Vary:
      - Accept-Encoding
    body:
      encoding: UTF-8
      string: |
        <?xml version="1.0" encoding="UTF-8"?>
        <people type="array">
          <person>
            <author-id type="integer">1039339</author-id>
            <background nil="true"></background>
            <company-id type="integer" nil="true"></company-id>
            <created-at type="datetime">2014-06-09T00:08:26Z</created-at>
            <first-name>Estella</first-name>
            <group-id type="integer" nil="true"></group-id>
            <id type="integer">209174633</id>
            <last-name>Corwin</last-name>
            <owner-id type="integer" nil="true"></owner-id>
            <title nil="true"></title>
            <updated-at type="datetime">2014-06-09T00:08:26Z</updated-at>
            <visible-to>Everyone</visible-to>
            <company-name nil="true"></company-name>
            <linkedin-url nil="true"></linkedin-url>
            <avatar-url>http://dge9rmgqjs8m1.cloudfront.net/highrise/missing/avatar.gif?r=3</avatar-url>
        <contact-data>
          <phone-numbers type="array">
            <phone-number>
              <id type="integer">168746298</id>
              <location>Work</location>
              <number>6829683613466761122856293</number>
            </phone-number>
          </phone-numbers>
          <web-addresses type="array"/>
          <email-addresses type="array">
            <email-address>
              <address>layne@keler.biz</address>
              <id type="integer">107130726</id>
              <location>Work</location>
            </email-address>
          </email-addresses>
          <instant-messengers type="array"/>
          <addresses type="array">
            <address>
              <city>Lake Carlie</city>
              <country>Ireland</country>
              <id type="integer">100260812</id>
              <location>Work</location>
              <state>Maryland</state>
              <street>462 Balistreri Mountains</street>
              <zip>44245-5099</zip>
            </address>
          </addresses>
          <twitter-accounts type="array"/>
        </contact-data>
        <subject_datas type="array">
          <subject_data>
            <id type="integer">126425031</id>
            <subject_field_id type="integer">899028</subject_field_id>
            <subject_field_label>Customer ID</subject_field_label>
            <value>2753718696</value>
          </subject_data>
        </subject_datas>
          </person>
        </people>
    http_version: 
  recorded_at: Mon, 09 Jun 2014 00:08:27 GMT
- request:
    method: get
    uri: https://HIGHRISE_API_TOKEN:@HIGHRISE_SITE_HOST/people/search.xml?criteria%5Bcustomer_id%5D=2753718696&n=1
    body:
      encoding: US-ASCII
      string: ''
    headers:
      Accept:
      - application/xml
      Accept-Encoding:
      - gzip;q=1.0,deflate;q=0.6,identity;q=0.3
      User-Agent:
      - Ruby
  response:
    status:
      code: 200
      message: OK
    headers:
      Server:
      - nginx
      Date:
      - Mon, 09 Jun 2014 00:08:27 GMT
      Content-Type:
      - application/xml; charset=utf-8
      Content-Length:
      - '62'
      Connection:
      - keep-alive
      Status:
      - 200 OK
      X-Runtime:
      - '10'
      Cache-Control:
      - private, max-age=0, must-revalidate
      X-Throttle-Horizon:
      - '2014-06-09T00:08:30Z'
      X-Throttle-Count:
      - '3'
      X-Frame-Options:
      - SAMEORIGIN
      X-Throttle-Max:
      - '500'
      Strict-Transport-Security:
      - max-age=31536000
      X-Request-Id:
      - 53c08ac807b698e7eefbe31976513147
      Etag:
      - '"304246700dd9732895ecf4e138caeb37"'
      Timing-Allow-Origin:
      - "*"
    body:
      encoding: UTF-8
      string: |
        <?xml version="1.0" encoding="UTF-8"?>
        <people type="array"/>
    http_version: 
  recorded_at: Mon, 09 Jun 2014 00:08:27 GMT
- request:
    method: put
    uri: https://HIGHRISE_API_TOKEN:@HIGHRISE_SITE_HOST/people/209174633.xml
    body:
      encoding: UTF-8
      string: |
        <?xml version="1.0" encoding="UTF-8"?>
        <person>
          <author-id type="integer">1039339</author-id>
          <background nil="true"/>
          <company-id nil="true"/>
          <created-at type="dateTime">2014-06-09T00:08:26Z</created-at>
          <first-name>Matthew</first-name>
          <group-id nil="true"/>
          <id type="integer">209174633</id>
          <last-name>Corwin</last-name>
          <owner-id nil="true"/>
          <title nil="true"/>
          <updated-at type="dateTime">2014-06-09T00:08:26Z</updated-at>
          <visible-to>Everyone</visible-to>
          <company-name nil="true"/>
          <linkedin-url nil="true"/>
          <avatar-url>http://dge9rmgqjs8m1.cloudfront.net/highrise/missing/avatar.gif?r=3</avatar-url>
          <contact-data>
            <customer-id>2753718696</customer-id>
          </contact-data>
          <subject-datas type="array">
            <subject-data>
              <id type="integer">126425031</id>
              <subject-field-id type="integer">899028</subject-field-id>
              <subject-field-label>Customer ID</subject-field-label>
              <value>2753718696</value>
            </subject-data>
          </subject-datas>
        </person>
    headers:
      Content-Type:
      - application/xml
      Accept-Encoding:
      - gzip;q=1.0,deflate;q=0.6,identity;q=0.3
      Accept:
      - "*/*"
      User-Agent:
      - Ruby
  response:
    status:
      code: 200
      message: OK
    headers:
      Server:
      - nginx
      Date:
      - Mon, 09 Jun 2014 00:08:27 GMT
      Content-Type:
      - application/xml; charset=utf-8
      Content-Length:
      - '1'
      Connection:
      - keep-alive
      Status:
      - 200 OK
      X-Throttle-Max:
      - '500'
      X-Throttle-Count:
      - '4'
      X-Frame-Options:
      - SAMEORIGIN
      X-Throttle-Horizon:
      - '2014-06-09T00:08:30Z'
      X-Runtime:
      - '30'
      X-Request-Id:
      - 5aeb26d21585543b6b3b1cca8c76ace6
      Strict-Transport-Security:
      - max-age=31536000
      Cache-Control:
      - no-cache
      Timing-Allow-Origin:
      - "*"
    body:
      encoding: UTF-8
      string: " "
    http_version: 
  recorded_at: Mon, 09 Jun 2014 00:08:27 GMT
recorded_with: VCR 2.9.2
