---
http_interactions:
- request:
    method: post
    uri: https://HIGHRISE_API_TOKEN:@HIGHRISE_SITE_HOST/people.xml
    body:
      encoding: UTF-8
      string: |
        <?xml version="1.0" encoding="UTF-8"?>
        <person>
          <first-name>Timmothy</first-name>
          <last-name>Volkman</last-name>
          <contact-data>
            <email-addresses type="array">
              <email-address>
                <address>adriel_gottlieb@gradyrunte.biz</address>
                <location>Work</location>
              </email-address>
            </email-addresses>
            <addresses type="array">
              <address>
                <city>Lake Pinkbury</city>
                <country>Belarus</country>
                <location>Work</location>
                <state>North Dakota</state>
                <street>3021 Rosina Wall</street>
                <zip>85426</zip>
              </address>
            </addresses>
            <phone-numbers type="array">
              <phone-number>
                <location>Work</location>
                <number>3524857259896701957696121</number>
              </phone-number>
            </phone-numbers>
            <customer-id>5090629312</customer-id>
          </contact-data>
        </person>
    headers:
      Content-Type:
      - application/xml
      Accept-Encoding:
      - gzip;q=1.0,deflate;q=0.6,identity;q=0.3
      Accept:
      - "*/*"
      User-Agent:
      - Ruby
  response:
    status:
      code: 201
      message: Created
    headers:
      Server:
      - nginx
      Date:
      - Mon, 07 Jul 2014 17:21:00 GMT
      Content-Type:
      - application/xml; charset=utf-8
      Content-Length:
      - '870'
      Connection:
      - Keep-Alive
      Status:
      - 201 Created
      X-Throttle-Horizon:
      - '2014-07-07T17:21:10Z'
      X-Runtime:
      - '40'
      Cache-Control:
      - no-cache
      X-Frame-Options:
      - SAMEORIGIN
      Set-Cookie:
      - _sunrise_session=BAh7BzoPc2Vzc2lvbl9pZCIlYzE4YzI4YmM0MDRhMTQ0MzJkMDBmNWNiYmNlNzcwZDUiCmZsYXNoSUM6J0FjdGlvbkNvbnRyb2xsZXI6OkZsYXNoOjpGbGFzaEhhc2h7BjoPbmV3X3BlcnNvblQGOgpAdXNlZHsGOwdG--0ae01025ae31e8752d2f4b87e1ec128f6b9ee25a;
        path=/; HttpOnly; secure
      Strict-Transport-Security:
      - max-age=31536000
      X-Request-Id:
      - 21f7de1e64e65decaf5a0027620ad9fb
      Location:
      - https://HIGHRISE_SITE_HOST/people/211354177-timmothy-volkman
      X-Throttle-Count:
      - '1'
      X-Throttle-Max:
      - '500'
      Timing-Allow-Origin:
      - "*"
      Vary:
      - Accept-Encoding
    body:
      encoding: UTF-8
      string: |
        <?xml version="1.0" encoding="UTF-8"?>
        <person>
          <author-id type="integer">1044134</author-id>
          <background nil="true"></background>
          <company-id type="integer" nil="true"></company-id>
          <created-at type="datetime">2014-07-07T17:21:00Z</created-at>
          <first-name>Timmothy</first-name>
          <group-id type="integer" nil="true"></group-id>
          <id type="integer">211354177</id>
          <last-name>Volkman</last-name>
          <owner-id type="integer" nil="true"></owner-id>
          <title nil="true"></title>
          <updated-at type="datetime">2014-07-07T17:21:00Z</updated-at>
          <visible-to>Everyone</visible-to>
          <company-name nil="true"></company-name>
          <linkedin-url nil="true"></linkedin-url>
          <avatar-url>http://dge9rmgqjs8m1.cloudfront.net/highrise/missing/avatar.gif?r=3</avatar-url>
        <contact-data>
          <phone-numbers type="array">
            <phone-number>
              <id type="integer">170247028</id>
              <location>Work</location>
              <number>3524857259896701957696121</number>
            </phone-number>
          </phone-numbers>
          <email-addresses type="array">
            <email-address>
              <address>adriel_gottlieb@gradyrunte.biz</address>
              <id type="integer">108377710</id>
              <location>Work</location>
            </email-address>
          </email-addresses>
          <web-addresses type="array"/>
          <instant-messengers type="array"/>
          <twitter-accounts type="array"/>
          <addresses type="array">
            <address>
              <city>Lake Pinkbury</city>
              <country>Belarus</country>
              <id type="integer">101176440</id>
              <location>Work</location>
              <state>North Dakota</state>
              <street>3021 Rosina Wall</street>
              <zip>85426</zip>
            </address>
          </addresses>
        </contact-data>
        <subject_datas type="array">
          <subject_data>
            <id type="integer">128614915</id>
            <subject_field_id type="integer">903080</subject_field_id>
            <subject_field_label>Customer ID</subject_field_label>
            <value>5090629312</value>
          </subject_data>
        </subject_datas>
        </person>
    http_version: 
  recorded_at: Mon, 07 Jul 2014 17:21:00 GMT
- request:
    method: get
    uri: https://HIGHRISE_API_TOKEN:@HIGHRISE_SITE_HOST/people/search.xml?criteria%5Bcustomer_id%5D=5090629312&n=0
    body:
      encoding: US-ASCII
      string: ''
    headers:
      Accept:
      - application/xml
      Accept-Encoding:
      - gzip;q=1.0,deflate;q=0.6,identity;q=0.3
      User-Agent:
      - Ruby
  response:
    status:
      code: 200
      message: OK
    headers:
      Server:
      - nginx
      Date:
      - Mon, 07 Jul 2014 17:21:01 GMT
      Content-Type:
      - application/xml; charset=utf-8
      Content-Length:
      - '895'
      Connection:
      - Keep-Alive
      Status:
      - 200 OK
      X-Throttle-Horizon:
      - '2014-07-07T17:21:10Z'
      X-Runtime:
      - '40'
      X-Request-Id:
      - 8c39320d59c5a7c90ce64074182e4330
      X-Throttle-Max:
      - '500'
      Etag:
      - '"d571cba4ed92fe4b9fbd2d9cc461af76"'
      X-Frame-Options:
      - SAMEORIGIN
      X-Throttle-Count:
      - '2'
      Cache-Control:
      - private, max-age=0, must-revalidate
      Strict-Transport-Security:
      - max-age=31536000
      Timing-Allow-Origin:
      - "*"
      Vary:
      - Accept-Encoding
    body:
      encoding: UTF-8
      string: |
        <?xml version="1.0" encoding="UTF-8"?>
        <people type="array">
          <person>
            <author-id type="integer">1044134</author-id>
            <background nil="true"></background>
            <company-id type="integer" nil="true"></company-id>
            <created-at type="datetime">2014-07-07T17:21:00Z</created-at>
            <first-name>Timmothy</first-name>
            <group-id type="integer" nil="true"></group-id>
            <id type="integer">211354177</id>
            <last-name>Volkman</last-name>
            <owner-id type="integer" nil="true"></owner-id>
            <title nil="true"></title>
            <updated-at type="datetime">2014-07-07T17:21:00Z</updated-at>
            <visible-to>Everyone</visible-to>
            <company-name nil="true"></company-name>
            <linkedin-url nil="true"></linkedin-url>
            <avatar-url>http://dge9rmgqjs8m1.cloudfront.net/highrise/missing/avatar.gif?r=3</avatar-url>
        <contact-data>
          <web-addresses type="array"/>
          <instant-messengers type="array"/>
          <twitter-accounts type="array"/>
          <phone-numbers type="array">
            <phone-number>
              <id type="integer">170247028</id>
              <location>Work</location>
              <number>3524857259896701957696121</number>
            </phone-number>
          </phone-numbers>
          <addresses type="array">
            <address>
              <city>Lake Pinkbury</city>
              <country>Belarus</country>
              <id type="integer">101176440</id>
              <location>Work</location>
              <state>North Dakota</state>
              <street>3021 Rosina Wall</street>
              <zip>85426</zip>
            </address>
          </addresses>
          <email-addresses type="array">
            <email-address>
              <address>adriel_gottlieb@gradyrunte.biz</address>
              <id type="integer">108377710</id>
              <location>Work</location>
            </email-address>
          </email-addresses>
        </contact-data>
        <subject_datas type="array">
          <subject_data>
            <id type="integer">128614915</id>
            <subject_field_id type="integer">903080</subject_field_id>
            <subject_field_label>Customer ID</subject_field_label>
            <value>5090629312</value>
          </subject_data>
        </subject_datas>
          </person>
        </people>
    http_version: 
  recorded_at: Mon, 07 Jul 2014 17:21:01 GMT
- request:
    method: get
    uri: https://HIGHRISE_API_TOKEN:@HIGHRISE_SITE_HOST/people/search.xml?criteria%5Bcustomer_id%5D=5090629312&n=1
    body:
      encoding: US-ASCII
      string: ''
    headers:
      Accept:
      - application/xml
      Accept-Encoding:
      - gzip;q=1.0,deflate;q=0.6,identity;q=0.3
      User-Agent:
      - Ruby
  response:
    status:
      code: 200
      message: OK
    headers:
      Server:
      - nginx
      Date:
      - Mon, 07 Jul 2014 17:21:01 GMT
      Content-Type:
      - application/xml; charset=utf-8
      Content-Length:
      - '62'
      Connection:
      - keep-alive
      Status:
      - 200 OK
      X-Throttle-Horizon:
      - '2014-07-07T17:21:10Z'
      X-Runtime:
      - '15'
      X-Request-Id:
      - 76a7151645760ccba49fb43c74639c98
      X-Throttle-Max:
      - '500'
      Etag:
      - '"304246700dd9732895ecf4e138caeb37"'
      X-Frame-Options:
      - SAMEORIGIN
      X-Throttle-Count:
      - '3'
      Cache-Control:
      - private, max-age=0, must-revalidate
      Strict-Transport-Security:
      - max-age=31536000
      Timing-Allow-Origin:
      - "*"
    body:
      encoding: UTF-8
      string: |
        <?xml version="1.0" encoding="UTF-8"?>
        <people type="array"/>
    http_version: 
  recorded_at: Mon, 07 Jul 2014 17:21:01 GMT
- request:
    method: put
    uri: https://HIGHRISE_API_TOKEN:@HIGHRISE_SITE_HOST/people/211354177.xml
    body:
      encoding: UTF-8
      string: |
        <?xml version="1.0" encoding="UTF-8"?>
        <person>
          <author-id type="integer">1044134</author-id>
          <background nil="true"/>
          <company-id nil="true"/>
          <created-at type="dateTime">2014-07-07T17:21:00Z</created-at>
          <first-name>Matthew</first-name>
          <group-id nil="true"/>
          <id type="integer">211354177</id>
          <last-name>Volkman</last-name>
          <owner-id nil="true"/>
          <title nil="true"/>
          <updated-at type="dateTime">2014-07-07T17:21:00Z</updated-at>
          <visible-to>Everyone</visible-to>
          <company-name nil="true"/>
          <linkedin-url nil="true"/>
          <avatar-url>http://dge9rmgqjs8m1.cloudfront.net/highrise/missing/avatar.gif?r=3</avatar-url>
          <contact-data>
            <customer-id>5090629312</customer-id>
          </contact-data>
          <subject-datas type="array">
            <subject-data>
              <id type="integer">128614915</id>
              <subject-field-id type="integer">903080</subject-field-id>
              <subject-field-label>Customer ID</subject-field-label>
              <value>5090629312</value>
            </subject-data>
          </subject-datas>
        </person>
    headers:
      Content-Type:
      - application/xml
      Accept-Encoding:
      - gzip;q=1.0,deflate;q=0.6,identity;q=0.3
      Accept:
      - "*/*"
      User-Agent:
      - Ruby
  response:
    status:
      code: 200
      message: OK
    headers:
      Server:
      - nginx
      Date:
      - Mon, 07 Jul 2014 17:21:01 GMT
      Content-Type:
      - application/xml; charset=utf-8
      Content-Length:
      - '1'
      Connection:
      - keep-alive
      Status:
      - 200 OK
      X-Throttle-Horizon:
      - '2014-07-07T17:21:10Z'
      X-Runtime:
      - '29'
      Cache-Control:
      - no-cache
      X-Frame-Options:
      - SAMEORIGIN
      Strict-Transport-Security:
      - max-age=31536000
      X-Request-Id:
      - a837985b45f8e19c7d80f7bbb5169641
      X-Throttle-Count:
      - '4'
      X-Throttle-Max:
      - '500'
      Timing-Allow-Origin:
      - "*"
    body:
      encoding: UTF-8
      string: " "
    http_version: 
  recorded_at: Mon, 07 Jul 2014 17:21:01 GMT
- request:
    method: post
    uri: https://HIGHRISE_API_TOKEN:@HIGHRISE_SITE_HOST/people/211354177/tags.xml?name=Rustic%20Steel%20Chair
    body:
      encoding: UTF-8
      string: |
        <?xml version="1.0" encoding="UTF-8"?>
        <person>
          <author-id type="integer">1044134</author-id>
          <background nil="true"/>
          <company-id nil="true"/>
          <created-at type="dateTime">2014-07-07T17:21:00Z</created-at>
          <first-name>Matthew</first-name>
          <group-id nil="true"/>
          <id type="integer">211354177</id>
          <last-name>Volkman</last-name>
          <owner-id nil="true"/>
          <title nil="true"/>
          <updated-at type="dateTime">2014-07-07T17:21:00Z</updated-at>
          <visible-to>Everyone</visible-to>
          <company-name nil="true"/>
          <linkedin-url nil="true"/>
          <avatar-url>http://dge9rmgqjs8m1.cloudfront.net/highrise/missing/avatar.gif?r=3</avatar-url>
          <contact-data>
            <customer-id>5090629312</customer-id>
          </contact-data>
          <subject-datas type="array">
            <subject-data>
              <id type="integer">128614915</id>
              <subject-field-id type="integer">903080</subject-field-id>
              <subject-field-label>Customer ID</subject-field-label>
              <value>5090629312</value>
            </subject-data>
          </subject-datas>
        </person>
    headers:
      Content-Type:
      - application/xml
      Accept-Encoding:
      - gzip;q=1.0,deflate;q=0.6,identity;q=0.3
      Accept:
      - "*/*"
      User-Agent:
      - Ruby
  response:
    status:
      code: 201
      message: Created
    headers:
      Server:
      - nginx
      Date:
      - Mon, 07 Jul 2014 17:21:01 GMT
      Content-Type:
      - application/xml; charset=utf-8
      Content-Length:
      - '120'
      Connection:
      - keep-alive
      Status:
      - 201 Created
      Location:
      - https://HIGHRISE_SITE_HOST/tags/3576753-rustic-steel-chair
      X-Throttle-Horizon:
      - '2014-07-07T17:21:10Z'
      X-Runtime:
      - '28'
      X-Request-Id:
      - 615040484ca7c2ad1c395ebf0df382bb
      X-Throttle-Max:
      - '500'
      X-Frame-Options:
      - SAMEORIGIN
      X-Throttle-Count:
      - '5'
      Cache-Control:
      - no-cache
      Strict-Transport-Security:
      - max-age=31536000
      Timing-Allow-Origin:
      - "*"
    body:
      encoding: UTF-8
      string: |
        <?xml version="1.0" encoding="UTF-8"?>
        <tag>
          <id type="integer">3576753</id>
          <name>Rustic Steel Chair</name>
        </tag>
    http_version: 
  recorded_at: Mon, 07 Jul 2014 17:21:01 GMT
- request:
    method: post
    uri: https://HIGHRISE_API_TOKEN:@HIGHRISE_SITE_HOST/people/211354177/tags.xml?name=Incredible%20Wooden%20Shirt
    body:
      encoding: UTF-8
      string: |
        <?xml version="1.0" encoding="UTF-8"?>
        <person>
          <author-id type="integer">1044134</author-id>
          <background nil="true"/>
          <company-id nil="true"/>
          <created-at type="dateTime">2014-07-07T17:21:00Z</created-at>
          <first-name>Matthew</first-name>
          <group-id nil="true"/>
          <id type="integer">211354177</id>
          <last-name>Volkman</last-name>
          <owner-id nil="true"/>
          <title nil="true"/>
          <updated-at type="dateTime">2014-07-07T17:21:00Z</updated-at>
          <visible-to>Everyone</visible-to>
          <company-name nil="true"/>
          <linkedin-url nil="true"/>
          <avatar-url>http://dge9rmgqjs8m1.cloudfront.net/highrise/missing/avatar.gif?r=3</avatar-url>
          <contact-data>
            <customer-id>5090629312</customer-id>
          </contact-data>
          <subject-datas type="array">
            <subject-data>
              <id type="integer">128614915</id>
              <subject-field-id type="integer">903080</subject-field-id>
              <subject-field-label>Customer ID</subject-field-label>
              <value>5090629312</value>
            </subject-data>
          </subject-datas>
        </person>
    headers:
      Content-Type:
      - application/xml
      Accept-Encoding:
      - gzip;q=1.0,deflate;q=0.6,identity;q=0.3
      Accept:
      - "*/*"
      User-Agent:
      - Ruby
  response:
    status:
      code: 201
      message: Created
    headers:
      Server:
      - nginx
      Date:
      - Mon, 07 Jul 2014 17:21:01 GMT
      Content-Type:
      - application/xml; charset=utf-8
      Content-Length:
      - '125'
      Connection:
      - keep-alive
      Status:
      - 201 Created
      X-Throttle-Horizon:
      - '2014-07-07T17:21:10Z'
      X-Runtime:
      - '24'
      Cache-Control:
      - no-cache
      X-Frame-Options:
      - SAMEORIGIN
      Strict-Transport-Security:
      - max-age=31536000
      X-Request-Id:
      - dc4e70b9af4080ee5eca93dec1caa2df
      Location:
      - https://HIGHRISE_SITE_HOST/tags/3576754-incredible-wooden-shirt
      X-Throttle-Count:
      - '6'
      X-Throttle-Max:
      - '500'
      Timing-Allow-Origin:
      - "*"
    body:
      encoding: UTF-8
      string: |
        <?xml version="1.0" encoding="UTF-8"?>
        <tag>
          <id type="integer">3576754</id>
          <name>Incredible Wooden Shirt</name>
        </tag>
    http_version: 
  recorded_at: Mon, 07 Jul 2014 17:21:01 GMT
recorded_with: VCR 2.9.2
