---
http_interactions:
- request:
    method: get
    uri: https://HIGHRISE_API_TOKEN:@HIGHRISE_SITE_HOST/people/search.xml?criteria%5Bemail%5D=alek@frami.org&n=0
    body:
      encoding: US-ASCII
      string: ''
    headers:
      Accept:
      - application/xml
      Accept-Encoding:
      - gzip;q=1.0,deflate;q=0.6,identity;q=0.3
      User-Agent:
      - Ruby
  response:
    status:
      code: 200
      message: OK
    headers:
      Server:
      - nginx
      Date:
      - Tue, 08 Jul 2014 15:17:28 GMT
      Content-Type:
      - application/xml; charset=utf-8
      Content-Length:
      - '1028'
      Connection:
      - Keep-Alive
      Status:
      - 200 OK
      X-Throttle-Horizon:
      - '2014-07-08T15:17:30Z'
      X-Runtime:
      - '29'
      Cache-Control:
      - private, max-age=0, must-revalidate
      X-Frame-Options:
      - SAMEORIGIN
      Strict-Transport-Security:
      - max-age=31536000
      X-Request-Id:
      - bec0f2c3b0a7e6ff31928b412d1c27ba
      X-Throttle-Count:
      - '23'
      X-Throttle-Max:
      - '500'
      Etag:
      - '"0a1e6b6b57eaf457bd2f7a2525e7ff74"'
      Timing-Allow-Origin:
      - "*"
      Vary:
      - Accept-Encoding
    body:
      encoding: UTF-8
      string: |
        <?xml version="1.0" encoding="UTF-8"?>
        <people type="array">
          <person>
            <author-id type="integer">1049651</author-id>
            <background nil="true"></background>
            <company-id type="integer" nil="true"></company-id>
            <created-at type="datetime">2014-07-08T15:16:43Z</created-at>
            <first-name>Matthew</first-name>
            <group-id type="integer" nil="true"></group-id>
            <id type="integer">211426589</id>
            <last-name>Casper</last-name>
            <owner-id type="integer" nil="true"></owner-id>
            <title nil="true"></title>
            <updated-at type="datetime">2014-07-08T15:17:25Z</updated-at>
            <visible-to>Everyone</visible-to>
            <company-name nil="true"></company-name>
            <linkedin-url nil="true"></linkedin-url>
            <avatar-url>http://dge9rmgqjs8m1.cloudfront.net/highrise/missing/avatar.gif?r=3</avatar-url>
        <tags type="array">
          <tag>
            <id type="integer">3578588</id>
            <name>Fantastic Concrete Chair</name>
          </tag>
          <tag>
            <id type="integer">3578589</id>
            <name>Fantastic Concrete Shoes</name>
          </tag>
          <tag>
            <id type="integer">3578593</id>
            <name>Sleek Steel Computer</name>
          </tag>
          <tag>
            <id type="integer">3578594</id>
            <name>Awesome Granite Chair</name>
          </tag>
          <tag>
            <id type="integer">3578595</id>
            <name>Awesome Concrete Shirt</name>
          </tag>
          <tag>
            <id type="integer">3578596</id>
            <name>Practical Plastic Chair</name>
          </tag>
          <tag>
            <id type="integer">3578603</id>
            <name>Intelligent Granite Hat</name>
          </tag>
          <tag>
            <id type="integer">3578604</id>
            <name>Ergonomic Cotton Pants</name>
          </tag>
          <tag>
            <id type="integer">3578605</id>
            <name>Awesome Cotton Chair</name>
          </tag>
          <tag>
            <id type="integer">3578606</id>
            <name>Practical Wooden Computer</name>
          </tag>
        </tags>
        <contact-data>
          <phone-numbers type="array">
            <phone-number>
              <id type="integer">170296717</id>
              <location>Work</location>
              <number>2827715661511509266837570</number>
            </phone-number>
          </phone-numbers>
          <email-addresses type="array">
            <email-address>
              <address>alek@frami.org</address>
              <id type="integer">108425586</id>
              <location>Work</location>
            </email-address>
          </email-addresses>
          <web-addresses type="array"/>
          <instant-messengers type="array"/>
          <twitter-accounts type="array"/>
          <addresses type="array">
            <address>
              <city>Dylanhaven</city>
              <country>South Africa</country>
              <id type="integer">101197398</id>
              <location>Work</location>
              <state>Texas</state>
              <street>9825 Lang Grove</street>
              <zip>70765</zip>
            </address>
          </addresses>
        </contact-data>
        <subject_datas type="array">
          <subject_data>
            <id type="integer">128704660</id>
            <subject_field_id type="integer">907855</subject_field_id>
            <subject_field_label>Customer ID</subject_field_label>
            <value>0467877313</value>
          </subject_data>
        </subject_datas>
          </person>
        </people>
    http_version: 
  recorded_at: Tue, 08 Jul 2014 15:17:28 GMT
- request:
    method: get
    uri: https://HIGHRISE_API_TOKEN:@HIGHRISE_SITE_HOST/people/search.xml?criteria%5Bemail%5D=alek@frami.org&n=1
    body:
      encoding: US-ASCII
      string: ''
    headers:
      Accept:
      - application/xml
      Accept-Encoding:
      - gzip;q=1.0,deflate;q=0.6,identity;q=0.3
      User-Agent:
      - Ruby
  response:
    status:
      code: 200
      message: OK
    headers:
      Server:
      - nginx
      Date:
      - Tue, 08 Jul 2014 15:17:28 GMT
      Content-Type:
      - application/xml; charset=utf-8
      Content-Length:
      - '62'
      Connection:
      - keep-alive
      Status:
      - 200 OK
      X-Throttle-Horizon:
      - '2014-07-08T15:17:30Z'
      X-Runtime:
      - '199'
      X-Request-Id:
      - 9634db082125ece6ec920565e648c317
      X-Throttle-Max:
      - '500'
      Etag:
      - '"304246700dd9732895ecf4e138caeb37"'
      X-Frame-Options:
      - SAMEORIGIN
      X-Throttle-Count:
      - '24'
      Cache-Control:
      - private, max-age=0, must-revalidate
      Strict-Transport-Security:
      - max-age=31536000
      Timing-Allow-Origin:
      - "*"
    body:
      encoding: UTF-8
      string: |
        <?xml version="1.0" encoding="UTF-8"?>
        <people type="array"/>
    http_version: 
  recorded_at: Tue, 08 Jul 2014 15:17:28 GMT
- request:
    method: post
    uri: https://HIGHRISE_API_TOKEN:@HIGHRISE_SITE_HOST/deals.xml
    body:
      encoding: UTF-8
      string: |
        <?xml version="1.0" encoding="UTF-8"?>
        <deal>
          <currency>USD</currency>
          <name>Order #5162572250</name>
          <price type="float">275.032</price>
          <status>won</status>
          <party-id type="integer">211426589</party-id>
        </deal>
    headers:
      Content-Type:
      - application/xml
      Accept-Encoding:
      - gzip;q=1.0,deflate;q=0.6,identity;q=0.3
      Accept:
      - "*/*"
      User-Agent:
      - Ruby
  response:
    status:
      code: 201
      message: Created
    headers:
      Server:
      - nginx
      Date:
      - Tue, 08 Jul 2014 15:17:29 GMT
      Content-Type:
      - application/xml; charset=utf-8
      Content-Length:
      - '1327'
      Connection:
      - Keep-Alive
      Status:
      - 201 Created
      X-Throttle-Horizon:
      - '2014-07-08T15:17:30Z'
      X-Runtime:
      - '234'
      Cache-Control:
      - no-cache
      X-Frame-Options:
      - SAMEORIGIN
      Set-Cookie:
      - last_deal_currency=USD; path=/; secure
      Strict-Transport-Security:
      - max-age=31536000
      X-Request-Id:
      - a9941e5ff53d9964de0464c0c2062dd3
      Location:
      - https://HIGHRISE_SITE_HOST/deals/3787518
      X-Throttle-Count:
      - '25'
      X-Throttle-Max:
      - '500'
      Timing-Allow-Origin:
      - "*"
      Vary:
      - Accept-Encoding
    body:
      encoding: UTF-8
      string: |
        <?xml version="1.0" encoding="UTF-8"?>
        <deal>
          <account-id type="integer">319985</account-id>
          <author-id type="integer">1049651</author-id>
          <background nil="true"></background>
          <category-id type="integer" nil="true"></category-id>
          <created-at type="datetime">2014-07-08T15:17:29Z</created-at>
          <currency>USD</currency>
          <duration type="integer">1</duration>
          <group-id type="integer" nil="true"></group-id>
          <id type="integer">3787518</id>
          <name>Order #5162572250</name>
          <owner-id type="integer" nil="true"></owner-id>
          <party-id type="integer">211426589</party-id>
          <price type="integer">275</price>
          <price-type>fixed</price-type>
          <responsible-party-id type="integer" nil="true"></responsible-party-id>
          <status>won</status>
          <status-changed-on type="date" nil="true"></status-changed-on>
          <updated-at type="datetime">2014-07-08T15:17:29Z</updated-at>
          <visible-to>Everyone</visible-to>
          <party>
            <author-id type="integer">1049651</author-id>
            <background nil="true"></background>
            <company-id type="integer" nil="true"></company-id>
            <created-at type="datetime">2014-07-08T15:16:43Z</created-at>
            <first-name>Matthew</first-name>
            <group-id type="integer" nil="true"></group-id>
            <id type="integer">211426589</id>
            <last-name>Casper</last-name>
            <owner-id type="integer" nil="true"></owner-id>
            <title nil="true"></title>
            <type>Person</type>
            <updated-at type="datetime">2014-07-08T15:17:25Z</updated-at>
            <visible-to>Everyone</visible-to>
            <company-name nil="true"></company-name>
            <linkedin-url nil="true"></linkedin-url>
            <avatar-url>http://dge9rmgqjs8m1.cloudfront.net/highrise/missing/avatar.gif?r=3</avatar-url>
        <tags type="array">
          <tag>
            <id type="integer">3578588</id>
            <name>Fantastic Concrete Chair</name>
          </tag>
          <tag>
            <id type="integer">3578589</id>
            <name>Fantastic Concrete Shoes</name>
          </tag>
          <tag>
            <id type="integer">3578593</id>
            <name>Sleek Steel Computer</name>
          </tag>
          <tag>
            <id type="integer">3578594</id>
            <name>Awesome Granite Chair</name>
          </tag>
          <tag>
            <id type="integer">3578595</id>
            <name>Awesome Concrete Shirt</name>
          </tag>
          <tag>
            <id type="integer">3578596</id>
            <name>Practical Plastic Chair</name>
          </tag>
          <tag>
            <id type="integer">3578603</id>
            <name>Intelligent Granite Hat</name>
          </tag>
          <tag>
            <id type="integer">3578604</id>
            <name>Ergonomic Cotton Pants</name>
          </tag>
          <tag>
            <id type="integer">3578605</id>
            <name>Awesome Cotton Chair</name>
          </tag>
          <tag>
            <id type="integer">3578606</id>
            <name>Practical Wooden Computer</name>
          </tag>
        </tags>
        <contact-data>
          <phone-numbers type="array">
            <phone-number>
              <id type="integer">170296717</id>
              <location>Work</location>
              <number>2827715661511509266837570</number>
            </phone-number>
          </phone-numbers>
          <email-addresses type="array">
            <email-address>
              <address>alek@frami.org</address>
              <id type="integer">108425586</id>
              <location>Work</location>
            </email-address>
          </email-addresses>
          <web-addresses type="array"/>
          <instant-messengers type="array"/>
          <twitter-accounts type="array"/>
          <addresses type="array">
            <address>
              <city>Dylanhaven</city>
              <country>South Africa</country>
              <id type="integer">101197398</id>
              <location>Work</location>
              <state>Texas</state>
              <street>9825 Lang Grove</street>
              <zip>70765</zip>
            </address>
          </addresses>
        </contact-data>
        <subject_datas type="array">
          <subject_data>
            <id type="integer">128704660</id>
            <subject_field_id type="integer">907855</subject_field_id>
            <subject_field_label>Customer ID</subject_field_label>
            <value>0467877313</value>
          </subject_data>
        </subject_datas>
          </party>
          <parties type="array"/>
        </deal>
    http_version: 
  recorded_at: Tue, 08 Jul 2014 15:17:29 GMT
- request:
    method: get
    uri: https://HIGHRISE_API_TOKEN:@HIGHRISE_SITE_HOST/me.xml
    body:
      encoding: US-ASCII
      string: ''
    headers:
      Accept:
      - application/xml
      Accept-Encoding:
      - gzip;q=1.0,deflate;q=0.6,identity;q=0.3
      User-Agent:
      - Ruby
  response:
    status:
      code: 200
      message: OK
    headers:
      Server:
      - nginx
      Date:
      - Tue, 08 Jul 2014 15:17:29 GMT
      Content-Type:
      - application/xml; charset=utf-8
      Content-Length:
      - '460'
      Connection:
      - keep-alive
      Status:
      - 200 OK
      X-Throttle-Horizon:
      - '2014-07-08T15:17:30Z'
      X-Runtime:
      - '7'
      X-Request-Id:
      - 6577daed8a9a46631c7ce3781bf11afa
      X-Throttle-Max:
      - '500'
      Etag:
      - '"5b884c2c614a8b9ff11b8ff93e026b9d"'
      X-Frame-Options:
      - SAMEORIGIN
      X-Throttle-Count:
      - '26'
      Cache-Control:
      - private, max-age=0, must-revalidate
      Strict-Transport-Security:
      - max-age=31536000
      Timing-Allow-Origin:
      - "*"
    body:
      encoding: UTF-8
      string: |
        <?xml version="1.0" encoding="UTF-8"?>
        <user>
          <created-at type="datetime">2014-07-07T21:07:51Z</created-at>
          <id type="integer">1049651</id>
          <token>HIGHRISE_API_TOKEN</token>
          <updated-at type="datetime">2014-07-07T21:07:51Z</updated-at>
          <dropbox>dropbox@17969359.HIGHRISE_SITE_HOST</dropbox>
          <name>Matthew Sullivan</name>
          <email-address>msull92@gmail.com</email-address>
          <admin type="boolean">true</admin>
        </user>
    http_version: 
  recorded_at: Tue, 08 Jul 2014 15:17:29 GMT
- request:
    method: get
    uri: https://HIGHRISE_API_TOKEN:@HIGHRISE_SITE_HOST/deals.xml
    body:
      encoding: US-ASCII
      string: ''
    headers:
      Accept:
      - application/xml
      Accept-Encoding:
      - gzip;q=1.0,deflate;q=0.6,identity;q=0.3
      User-Agent:
      - Ruby
  response:
    status:
      code: 200
      message: OK
    headers:
      Server:
      - nginx
      Date:
      - Tue, 08 Jul 2014 15:17:30 GMT
      Content-Type:
      - application/xml; charset=utf-8
      Content-Length:
      - '4380'
      Connection:
      - Keep-Alive
      Status:
      - 200 OK
      Set-Cookie:
      - _sunrise_session=BAh7BjoPc2Vzc2lvbl9pZCIlZDFiOThkZDRmMDg1YzYyYjU2Nzg4OGQ3ZGM0NTQ5MzI%3D--325ec1e830502027efc5ea69555fca01f82f481f;
        path=/; HttpOnly; secure
      X-Throttle-Horizon:
      - '2014-07-08T15:17:30Z'
      X-Runtime:
      - '311'
      X-Request-Id:
      - 74305df30dc1c2b9505027cdbff2a99a
      X-Throttle-Max:
      - '500'
      Etag:
      - '"854fe7ad5729cf3d0c62d97f1caacff5"'
      X-Frame-Options:
      - SAMEORIGIN
      X-Throttle-Count:
      - '27'
      Cache-Control:
      - private, max-age=0, must-revalidate
      Strict-Transport-Security:
      - max-age=31536000
      Timing-Allow-Origin:
      - "*"
      Vary:
      - Accept-Encoding
    body:
      encoding: UTF-8
      string: |
        <?xml version="1.0" encoding="UTF-8"?>
        <deals type="array">
          <deal>
            <account-id type="integer">319985</account-id>
            <author-id type="integer">1049651</author-id>
            <background nil="true"></background>
            <category-id type="integer" nil="true"></category-id>
            <created-at type="datetime">2014-07-08T15:16:58Z</created-at>
            <currency>USD</currency>
            <duration type="integer">1</duration>
            <group-id type="integer" nil="true"></group-id>
            <id type="integer">3787510</id>
            <name>Order #0393814715</name>
            <owner-id type="integer" nil="true"></owner-id>
            <party-id type="integer">211426589</party-id>
            <price type="integer">962</price>
            <price-type>fixed</price-type>
            <responsible-party-id type="integer" nil="true"></responsible-party-id>
            <status>won</status>
            <status-changed-on type="date" nil="true"></status-changed-on>
            <updated-at type="datetime">2014-07-08T15:16:58Z</updated-at>
            <visible-to>Everyone</visible-to>
            <party>
              <author-id type="integer">1049651</author-id>
              <background nil="true"></background>
              <company-id type="integer" nil="true"></company-id>
              <created-at type="datetime">2014-07-08T15:16:43Z</created-at>
              <first-name>Matthew</first-name>
              <group-id type="integer" nil="true"></group-id>
              <id type="integer">211426589</id>
              <last-name>Casper</last-name>
              <owner-id type="integer" nil="true"></owner-id>
              <title nil="true"></title>
              <type>Person</type>
              <updated-at type="datetime">2014-07-08T15:17:25Z</updated-at>
              <visible-to>Everyone</visible-to>
              <company-name nil="true"></company-name>
              <linkedin-url nil="true"></linkedin-url>
              <avatar-url>http://dge9rmgqjs8m1.cloudfront.net/highrise/missing/avatar.gif?r=3</avatar-url>
        <tags type="array">
          <tag>
            <id type="integer">3578588</id>
            <name>Fantastic Concrete Chair</name>
          </tag>
          <tag>
            <id type="integer">3578589</id>
            <name>Fantastic Concrete Shoes</name>
          </tag>
          <tag>
            <id type="integer">3578593</id>
            <name>Sleek Steel Computer</name>
          </tag>
          <tag>
            <id type="integer">3578594</id>
            <name>Awesome Granite Chair</name>
          </tag>
          <tag>
            <id type="integer">3578595</id>
            <name>Awesome Concrete Shirt</name>
          </tag>
          <tag>
            <id type="integer">3578596</id>
            <name>Practical Plastic Chair</name>
          </tag>
          <tag>
            <id type="integer">3578603</id>
            <name>Intelligent Granite Hat</name>
          </tag>
          <tag>
            <id type="integer">3578604</id>
            <name>Ergonomic Cotton Pants</name>
          </tag>
          <tag>
            <id type="integer">3578605</id>
            <name>Awesome Cotton Chair</name>
          </tag>
          <tag>
            <id type="integer">3578606</id>
            <name>Practical Wooden Computer</name>
          </tag>
        </tags>
        <contact-data>
          <web-addresses type="array"/>
          <instant-messengers type="array"/>
          <twitter-accounts type="array"/>
          <phone-numbers type="array">
            <phone-number>
              <id type="integer">170296717</id>
              <location>Work</location>
              <number>2827715661511509266837570</number>
            </phone-number>
          </phone-numbers>
          <addresses type="array">
            <address>
              <city>Dylanhaven</city>
              <country>South Africa</country>
              <id type="integer">101197398</id>
              <location>Work</location>
              <state>Texas</state>
              <street>9825 Lang Grove</street>
              <zip>70765</zip>
            </address>
          </addresses>
          <email-addresses type="array">
            <email-address>
              <address>alek@frami.org</address>
              <id type="integer">108425586</id>
              <location>Work</location>
            </email-address>
          </email-addresses>
        </contact-data>
        <subject_datas type="array">
          <subject_data>
            <id type="integer">128704660</id>
            <subject_field_id type="integer">907855</subject_field_id>
            <subject_field_label>Customer ID</subject_field_label>
            <value>0467877313</value>
          </subject_data>
        </subject_datas>
            </party>
            <parties type="array"/>
          </deal>
          <deal>
            <account-id type="integer">319985</account-id>
            <author-id type="integer">1049651</author-id>
            <background nil="true"></background>
            <category-id type="integer" nil="true"></category-id>
            <created-at type="datetime">2014-07-08T15:17:16Z</created-at>
            <currency>USD</currency>
            <duration type="integer">1</duration>
            <group-id type="integer" nil="true"></group-id>
            <id type="integer">3787514</id>
            <name>Order #3998812823</name>
            <owner-id type="integer" nil="true"></owner-id>
            <party-id type="integer">211426589</party-id>
            <price type="integer">1000</price>
            <price-type>fixed</price-type>
            <responsible-party-id type="integer" nil="true"></responsible-party-id>
            <status>won</status>
            <status-changed-on type="date" nil="true"></status-changed-on>
            <updated-at type="datetime">2014-07-08T15:17:18Z</updated-at>
            <visible-to>Everyone</visible-to>
            <party>
              <author-id type="integer">1049651</author-id>
              <background nil="true"></background>
              <company-id type="integer" nil="true"></company-id>
              <created-at type="datetime">2014-07-08T15:16:43Z</created-at>
              <first-name>Matthew</first-name>
              <group-id type="integer" nil="true"></group-id>
              <id type="integer">211426589</id>
              <last-name>Casper</last-name>
              <owner-id type="integer" nil="true"></owner-id>
              <title nil="true"></title>
              <type>Person</type>
              <updated-at type="datetime">2014-07-08T15:17:25Z</updated-at>
              <visible-to>Everyone</visible-to>
              <company-name nil="true"></company-name>
              <linkedin-url nil="true"></linkedin-url>
              <avatar-url>http://dge9rmgqjs8m1.cloudfront.net/highrise/missing/avatar.gif?r=3</avatar-url>
        <tags type="array">
          <tag>
            <id type="integer">3578588</id>
            <name>Fantastic Concrete Chair</name>
          </tag>
          <tag>
            <id type="integer">3578589</id>
            <name>Fantastic Concrete Shoes</name>
          </tag>
          <tag>
            <id type="integer">3578593</id>
            <name>Sleek Steel Computer</name>
          </tag>
          <tag>
            <id type="integer">3578594</id>
            <name>Awesome Granite Chair</name>
          </tag>
          <tag>
            <id type="integer">3578595</id>
            <name>Awesome Concrete Shirt</name>
          </tag>
          <tag>
            <id type="integer">3578596</id>
            <name>Practical Plastic Chair</name>
          </tag>
          <tag>
            <id type="integer">3578603</id>
            <name>Intelligent Granite Hat</name>
          </tag>
          <tag>
            <id type="integer">3578604</id>
            <name>Ergonomic Cotton Pants</name>
          </tag>
          <tag>
            <id type="integer">3578605</id>
            <name>Awesome Cotton Chair</name>
          </tag>
          <tag>
            <id type="integer">3578606</id>
            <name>Practical Wooden Computer</name>
          </tag>
        </tags>
        <contact-data>
          <web-addresses type="array"/>
          <instant-messengers type="array"/>
          <twitter-accounts type="array"/>
          <phone-numbers type="array">
            <phone-number>
              <id type="integer">170296717</id>
              <location>Work</location>
              <number>2827715661511509266837570</number>
            </phone-number>
          </phone-numbers>
          <addresses type="array">
            <address>
              <city>Dylanhaven</city>
              <country>South Africa</country>
              <id type="integer">101197398</id>
              <location>Work</location>
              <state>Texas</state>
              <street>9825 Lang Grove</street>
              <zip>70765</zip>
            </address>
          </addresses>
          <email-addresses type="array">
            <email-address>
              <address>alek@frami.org</address>
              <id type="integer">108425586</id>
              <location>Work</location>
            </email-address>
          </email-addresses>
        </contact-data>
        <subject_datas type="array">
          <subject_data>
            <id type="integer">128704660</id>
            <subject_field_id type="integer">907855</subject_field_id>
            <subject_field_label>Customer ID</subject_field_label>
            <value>0467877313</value>
          </subject_data>
        </subject_datas>
            </party>
            <parties type="array"/>
          </deal>
          <deal>
            <account-id type="integer">319985</account-id>
            <author-id type="integer">1049651</author-id>
            <background nil="true"></background>
            <category-id type="integer" nil="true"></category-id>
            <created-at type="datetime">2014-07-08T15:16:51Z</created-at>
            <currency>USD</currency>
            <duration type="integer">1</duration>
            <group-id type="integer" nil="true"></group-id>
            <id type="integer">3787509</id>
            <name>Order #4204278206</name>
            <owner-id type="integer" nil="true"></owner-id>
            <party-id type="integer">211426589</party-id>
            <price type="integer">1000</price>
            <price-type>fixed</price-type>
            <responsible-party-id type="integer" nil="true"></responsible-party-id>
            <status>won</status>
            <status-changed-on type="date" nil="true"></status-changed-on>
            <updated-at type="datetime">2014-07-08T15:16:52Z</updated-at>
            <visible-to>Everyone</visible-to>
            <party>
              <author-id type="integer">1049651</author-id>
              <background nil="true"></background>
              <company-id type="integer" nil="true"></company-id>
              <created-at type="datetime">2014-07-08T15:16:43Z</created-at>
              <first-name>Matthew</first-name>
              <group-id type="integer" nil="true"></group-id>
              <id type="integer">211426589</id>
              <last-name>Casper</last-name>
              <owner-id type="integer" nil="true"></owner-id>
              <title nil="true"></title>
              <type>Person</type>
              <updated-at type="datetime">2014-07-08T15:17:25Z</updated-at>
              <visible-to>Everyone</visible-to>
              <company-name nil="true"></company-name>
              <linkedin-url nil="true"></linkedin-url>
              <avatar-url>http://dge9rmgqjs8m1.cloudfront.net/highrise/missing/avatar.gif?r=3</avatar-url>
        <tags type="array">
          <tag>
            <id type="integer">3578588</id>
            <name>Fantastic Concrete Chair</name>
          </tag>
          <tag>
            <id type="integer">3578589</id>
            <name>Fantastic Concrete Shoes</name>
          </tag>
          <tag>
            <id type="integer">3578593</id>
            <name>Sleek Steel Computer</name>
          </tag>
          <tag>
            <id type="integer">3578594</id>
            <name>Awesome Granite Chair</name>
          </tag>
          <tag>
            <id type="integer">3578595</id>
            <name>Awesome Concrete Shirt</name>
          </tag>
          <tag>
            <id type="integer">3578596</id>
            <name>Practical Plastic Chair</name>
          </tag>
          <tag>
            <id type="integer">3578603</id>
            <name>Intelligent Granite Hat</name>
          </tag>
          <tag>
            <id type="integer">3578604</id>
            <name>Ergonomic Cotton Pants</name>
          </tag>
          <tag>
            <id type="integer">3578605</id>
            <name>Awesome Cotton Chair</name>
          </tag>
          <tag>
            <id type="integer">3578606</id>
            <name>Practical Wooden Computer</name>
          </tag>
        </tags>
        <contact-data>
          <web-addresses type="array"/>
          <instant-messengers type="array"/>
          <twitter-accounts type="array"/>
          <phone-numbers type="array">
            <phone-number>
              <id type="integer">170296717</id>
              <location>Work</location>
              <number>2827715661511509266837570</number>
            </phone-number>
          </phone-numbers>
          <addresses type="array">
            <address>
              <city>Dylanhaven</city>
              <country>South Africa</country>
              <id type="integer">101197398</id>
              <location>Work</location>
              <state>Texas</state>
              <street>9825 Lang Grove</street>
              <zip>70765</zip>
            </address>
          </addresses>
          <email-addresses type="array">
            <email-address>
              <address>alek@frami.org</address>
              <id type="integer">108425586</id>
              <location>Work</location>
            </email-address>
          </email-addresses>
        </contact-data>
        <subject_datas type="array">
          <subject_data>
            <id type="integer">128704660</id>
            <subject_field_id type="integer">907855</subject_field_id>
            <subject_field_label>Customer ID</subject_field_label>
            <value>0467877313</value>
          </subject_data>
        </subject_datas>
            </party>
            <parties type="array"/>
          </deal>
          <deal>
            <account-id type="integer">319985</account-id>
            <author-id type="integer">1049651</author-id>
            <background nil="true"></background>
            <category-id type="integer" nil="true"></category-id>
            <created-at type="datetime">2014-07-07T21:14:11Z</created-at>
            <currency>USD</currency>
            <duration type="integer">1</duration>
            <group-id type="integer" nil="true"></group-id>
            <id type="integer">3785920</id>
            <name>Order #4612153096</name>
            <owner-id type="integer" nil="true"></owner-id>
            <party-id type="integer">211384149</party-id>
            <price type="integer">2</price>
            <price-type>fixed</price-type>
            <responsible-party-id type="integer" nil="true"></responsible-party-id>
            <status>won</status>
            <status-changed-on type="date" nil="true"></status-changed-on>
            <updated-at type="datetime">2014-07-07T21:14:11Z</updated-at>
            <visible-to>Everyone</visible-to>
            <party>
              <author-id type="integer">1049651</author-id>
              <background nil="true"></background>
              <company-id type="integer" nil="true"></company-id>
              <created-at type="datetime">2014-07-07T21:13:42Z</created-at>
              <first-name>Matthew</first-name>
              <group-id type="integer" nil="true"></group-id>
              <id type="integer">211384149</id>
              <last-name>Fisher</last-name>
              <owner-id type="integer" nil="true"></owner-id>
              <title nil="true"></title>
              <type>Person</type>
              <updated-at type="datetime">2014-07-07T21:14:11Z</updated-at>
              <visible-to>Everyone</visible-to>
              <company-name nil="true"></company-name>
              <linkedin-url nil="true"></linkedin-url>
              <avatar-url>http://dge9rmgqjs8m1.cloudfront.net/highrise/missing/avatar.gif?r=3</avatar-url>
        <tags type="array">
          <tag>
            <id type="integer">3577405</id>
            <name>Rustic Granite Hat</name>
          </tag>
          <tag>
            <id type="integer">3577406</id>
            <name>Incredible Plastic Hat</name>
          </tag>
          <tag>
            <id type="integer">3577409</id>
            <name>Sleek Steel Car</name>
          </tag>
          <tag>
            <id type="integer">3577410</id>
            <name>Gorgeous Rubber Car</name>
          </tag>
          <tag>
            <id type="integer">3577411</id>
            <name>Gorgeous Granite Gloves</name>
          </tag>
          <tag>
            <id type="integer">3577412</id>
            <name>Incredible Cotton Computer</name>
          </tag>
          <tag>
            <id type="integer">3577417</id>
            <name>Small Wooden Pants</name>
          </tag>
          <tag>
            <id type="integer">3577418</id>
            <name>Intelligent Concrete Chair</name>
          </tag>
          <tag>
            <id type="integer">3577419</id>
            <name>Incredible Rubber Gloves</name>
          </tag>
          <tag>
            <id type="integer">3577420</id>
            <name>Intelligent Wooden Table</name>
          </tag>
        </tags>
        <contact-data>
          <web-addresses type="array"/>
          <instant-messengers type="array"/>
          <twitter-accounts type="array"/>
          <phone-numbers type="array">
            <phone-number>
              <id type="integer">170272057</id>
              <location>Work</location>
              <number>7715700509347864966420767</number>
            </phone-number>
          </phone-numbers>
          <addresses type="array">
            <address>
              <city>Toyport</city>
              <country>Guyana</country>
              <id type="integer">101183493</id>
              <location>Work</location>
              <state>South Dakota</state>
              <street>770 Asa Ports</street>
              <zip>16935</zip>
            </address>
          </addresses>
          <email-addresses type="array">
            <email-address>
              <address>pablo_dicki@shanahanmoen.name</address>
              <id type="integer">108397541</id>
              <location>Work</location>
            </email-address>
          </email-addresses>
        </contact-data>
        <subject_datas type="array">
          <subject_data>
            <id type="integer">128674244</id>
            <subject_field_id type="integer">907855</subject_field_id>
            <subject_field_label>Customer ID</subject_field_label>
            <value>6078220502</value>
          </subject_data>
        </subject_datas>
            </party>
            <parties type="array"/>
          </deal>
          <deal>
            <account-id type="integer">319985</account-id>
            <author-id type="integer">1049651</author-id>
            <background nil="true"></background>
            <category-id type="integer" nil="true"></category-id>
            <created-at type="datetime">2014-07-08T15:17:04Z</created-at>
            <currency>USD</currency>
            <duration type="integer">1</duration>
            <group-id type="integer" nil="true"></group-id>
            <id type="integer">3787512</id>
            <name>Order #5162572250</name>
            <owner-id type="integer" nil="true"></owner-id>
            <party-id type="integer">211426589</party-id>
            <price type="integer">275</price>
            <price-type>fixed</price-type>
            <responsible-party-id type="integer" nil="true"></responsible-party-id>
            <status>won</status>
            <status-changed-on type="date" nil="true"></status-changed-on>
            <updated-at type="datetime">2014-07-08T15:17:04Z</updated-at>
            <visible-to>Everyone</visible-to>
            <party>
              <author-id type="integer">1049651</author-id>
              <background nil="true"></background>
              <company-id type="integer" nil="true"></company-id>
              <created-at type="datetime">2014-07-08T15:16:43Z</created-at>
              <first-name>Matthew</first-name>
              <group-id type="integer" nil="true"></group-id>
              <id type="integer">211426589</id>
              <last-name>Casper</last-name>
              <owner-id type="integer" nil="true"></owner-id>
              <title nil="true"></title>
              <type>Person</type>
              <updated-at type="datetime">2014-07-08T15:17:25Z</updated-at>
              <visible-to>Everyone</visible-to>
              <company-name nil="true"></company-name>
              <linkedin-url nil="true"></linkedin-url>
              <avatar-url>http://dge9rmgqjs8m1.cloudfront.net/highrise/missing/avatar.gif?r=3</avatar-url>
        <tags type="array">
          <tag>
            <id type="integer">3578588</id>
            <name>Fantastic Concrete Chair</name>
          </tag>
          <tag>
            <id type="integer">3578589</id>
            <name>Fantastic Concrete Shoes</name>
          </tag>
          <tag>
            <id type="integer">3578593</id>
            <name>Sleek Steel Computer</name>
          </tag>
          <tag>
            <id type="integer">3578594</id>
            <name>Awesome Granite Chair</name>
          </tag>
          <tag>
            <id type="integer">3578595</id>
            <name>Awesome Concrete Shirt</name>
          </tag>
          <tag>
            <id type="integer">3578596</id>
            <name>Practical Plastic Chair</name>
          </tag>
          <tag>
            <id type="integer">3578603</id>
            <name>Intelligent Granite Hat</name>
          </tag>
          <tag>
            <id type="integer">3578604</id>
            <name>Ergonomic Cotton Pants</name>
          </tag>
          <tag>
            <id type="integer">3578605</id>
            <name>Awesome Cotton Chair</name>
          </tag>
          <tag>
            <id type="integer">3578606</id>
            <name>Practical Wooden Computer</name>
          </tag>
        </tags>
        <contact-data>
          <web-addresses type="array"/>
          <instant-messengers type="array"/>
          <twitter-accounts type="array"/>
          <phone-numbers type="array">
            <phone-number>
              <id type="integer">170296717</id>
              <location>Work</location>
              <number>2827715661511509266837570</number>
            </phone-number>
          </phone-numbers>
          <addresses type="array">
            <address>
              <city>Dylanhaven</city>
              <country>South Africa</country>
              <id type="integer">101197398</id>
              <location>Work</location>
              <state>Texas</state>
              <street>9825 Lang Grove</street>
              <zip>70765</zip>
            </address>
          </addresses>
          <email-addresses type="array">
            <email-address>
              <address>alek@frami.org</address>
              <id type="integer">108425586</id>
              <location>Work</location>
            </email-address>
          </email-addresses>
        </contact-data>
        <subject_datas type="array">
          <subject_data>
            <id type="integer">128704660</id>
            <subject_field_id type="integer">907855</subject_field_id>
            <subject_field_label>Customer ID</subject_field_label>
            <value>0467877313</value>
          </subject_data>
        </subject_datas>
            </party>
            <parties type="array"/>
          </deal>
          <deal>
            <account-id type="integer">319985</account-id>
            <author-id type="integer">1049651</author-id>
            <background nil="true"></background>
            <category-id type="integer" nil="true"></category-id>
            <created-at type="datetime">2014-07-08T15:17:29Z</created-at>
            <currency>USD</currency>
            <duration type="integer">1</duration>
            <group-id type="integer" nil="true"></group-id>
            <id type="integer">3787518</id>
            <name>Order #5162572250</name>
            <owner-id type="integer" nil="true"></owner-id>
            <party-id type="integer">211426589</party-id>
            <price type="integer">275</price>
            <price-type>fixed</price-type>
            <responsible-party-id type="integer" nil="true"></responsible-party-id>
            <status>won</status>
            <status-changed-on type="date" nil="true"></status-changed-on>
            <updated-at type="datetime">2014-07-08T15:17:29Z</updated-at>
            <visible-to>Everyone</visible-to>
            <party>
              <author-id type="integer">1049651</author-id>
              <background nil="true"></background>
              <company-id type="integer" nil="true"></company-id>
              <created-at type="datetime">2014-07-08T15:16:43Z</created-at>
              <first-name>Matthew</first-name>
              <group-id type="integer" nil="true"></group-id>
              <id type="integer">211426589</id>
              <last-name>Casper</last-name>
              <owner-id type="integer" nil="true"></owner-id>
              <title nil="true"></title>
              <type>Person</type>
              <updated-at type="datetime">2014-07-08T15:17:25Z</updated-at>
              <visible-to>Everyone</visible-to>
              <company-name nil="true"></company-name>
              <linkedin-url nil="true"></linkedin-url>
              <avatar-url>http://dge9rmgqjs8m1.cloudfront.net/highrise/missing/avatar.gif?r=3</avatar-url>
        <tags type="array">
          <tag>
            <id type="integer">3578588</id>
            <name>Fantastic Concrete Chair</name>
          </tag>
          <tag>
            <id type="integer">3578589</id>
            <name>Fantastic Concrete Shoes</name>
          </tag>
          <tag>
            <id type="integer">3578593</id>
            <name>Sleek Steel Computer</name>
          </tag>
          <tag>
            <id type="integer">3578594</id>
            <name>Awesome Granite Chair</name>
          </tag>
          <tag>
            <id type="integer">3578595</id>
            <name>Awesome Concrete Shirt</name>
          </tag>
          <tag>
            <id type="integer">3578596</id>
            <name>Practical Plastic Chair</name>
          </tag>
          <tag>
            <id type="integer">3578603</id>
            <name>Intelligent Granite Hat</name>
          </tag>
          <tag>
            <id type="integer">3578604</id>
            <name>Ergonomic Cotton Pants</name>
          </tag>
          <tag>
            <id type="integer">3578605</id>
            <name>Awesome Cotton Chair</name>
          </tag>
          <tag>
            <id type="integer">3578606</id>
            <name>Practical Wooden Computer</name>
          </tag>
        </tags>
        <contact-data>
          <web-addresses type="array"/>
          <instant-messengers type="array"/>
          <twitter-accounts type="array"/>
          <phone-numbers type="array">
            <phone-number>
              <id type="integer">170296717</id>
              <location>Work</location>
              <number>2827715661511509266837570</number>
            </phone-number>
          </phone-numbers>
          <addresses type="array">
            <address>
              <city>Dylanhaven</city>
              <country>South Africa</country>
              <id type="integer">101197398</id>
              <location>Work</location>
              <state>Texas</state>
              <street>9825 Lang Grove</street>
              <zip>70765</zip>
            </address>
          </addresses>
          <email-addresses type="array">
            <email-address>
              <address>alek@frami.org</address>
              <id type="integer">108425586</id>
              <location>Work</location>
            </email-address>
          </email-addresses>
        </contact-data>
        <subject_datas type="array">
          <subject_data>
            <id type="integer">128704660</id>
            <subject_field_id type="integer">907855</subject_field_id>
            <subject_field_label>Customer ID</subject_field_label>
            <value>0467877313</value>
          </subject_data>
        </subject_datas>
            </party>
            <parties type="array"/>
          </deal>
          <deal>
            <account-id type="integer">319985</account-id>
            <author-id type="integer">1049651</author-id>
            <background nil="true"></background>
            <category-id type="integer" nil="true"></category-id>
            <created-at type="datetime">2014-07-07T21:14:06Z</created-at>
            <currency>USD</currency>
            <duration type="integer">1</duration>
            <group-id type="integer" nil="true"></group-id>
            <id type="integer">3785919</id>
            <name>Order #5300787396</name>
            <owner-id type="integer" nil="true"></owner-id>
            <party-id type="integer">211384149</party-id>
            <price type="integer">1000</price>
            <price-type>fixed</price-type>
            <responsible-party-id type="integer" nil="true"></responsible-party-id>
            <status>won</status>
            <status-changed-on type="date" nil="true"></status-changed-on>
            <updated-at type="datetime">2014-07-07T21:14:07Z</updated-at>
            <visible-to>Everyone</visible-to>
            <party>
              <author-id type="integer">1049651</author-id>
              <background nil="true"></background>
              <company-id type="integer" nil="true"></company-id>
              <created-at type="datetime">2014-07-07T21:13:42Z</created-at>
              <first-name>Matthew</first-name>
              <group-id type="integer" nil="true"></group-id>
              <id type="integer">211384149</id>
              <last-name>Fisher</last-name>
              <owner-id type="integer" nil="true"></owner-id>
              <title nil="true"></title>
              <type>Person</type>
              <updated-at type="datetime">2014-07-07T21:14:11Z</updated-at>
              <visible-to>Everyone</visible-to>
              <company-name nil="true"></company-name>
              <linkedin-url nil="true"></linkedin-url>
              <avatar-url>http://dge9rmgqjs8m1.cloudfront.net/highrise/missing/avatar.gif?r=3</avatar-url>
        <tags type="array">
          <tag>
            <id type="integer">3577405</id>
            <name>Rustic Granite Hat</name>
          </tag>
          <tag>
            <id type="integer">3577406</id>
            <name>Incredible Plastic Hat</name>
          </tag>
          <tag>
            <id type="integer">3577409</id>
            <name>Sleek Steel Car</name>
          </tag>
          <tag>
            <id type="integer">3577410</id>
            <name>Gorgeous Rubber Car</name>
          </tag>
          <tag>
            <id type="integer">3577411</id>
            <name>Gorgeous Granite Gloves</name>
          </tag>
          <tag>
            <id type="integer">3577412</id>
            <name>Incredible Cotton Computer</name>
          </tag>
          <tag>
            <id type="integer">3577417</id>
            <name>Small Wooden Pants</name>
          </tag>
          <tag>
            <id type="integer">3577418</id>
            <name>Intelligent Concrete Chair</name>
          </tag>
          <tag>
            <id type="integer">3577419</id>
            <name>Incredible Rubber Gloves</name>
          </tag>
          <tag>
            <id type="integer">3577420</id>
            <name>Intelligent Wooden Table</name>
          </tag>
        </tags>
        <contact-data>
          <web-addresses type="array"/>
          <instant-messengers type="array"/>
          <twitter-accounts type="array"/>
          <phone-numbers type="array">
            <phone-number>
              <id type="integer">170272057</id>
              <location>Work</location>
              <number>7715700509347864966420767</number>
            </phone-number>
          </phone-numbers>
          <addresses type="array">
            <address>
              <city>Toyport</city>
              <country>Guyana</country>
              <id type="integer">101183493</id>
              <location>Work</location>
              <state>South Dakota</state>
              <street>770 Asa Ports</street>
              <zip>16935</zip>
            </address>
          </addresses>
          <email-addresses type="array">
            <email-address>
              <address>pablo_dicki@shanahanmoen.name</address>
              <id type="integer">108397541</id>
              <location>Work</location>
            </email-address>
          </email-addresses>
        </contact-data>
        <subject_datas type="array">
          <subject_data>
            <id type="integer">128674244</id>
            <subject_field_id type="integer">907855</subject_field_id>
            <subject_field_label>Customer ID</subject_field_label>
            <value>6078220502</value>
          </subject_data>
        </subject_datas>
            </party>
            <parties type="array"/>
          </deal>
          <deal>
            <account-id type="integer">319985</account-id>
            <author-id type="integer">1049651</author-id>
            <background nil="true"></background>
            <category-id type="integer" nil="true"></category-id>
            <created-at type="datetime">2014-07-07T21:13:56Z</created-at>
            <currency>USD</currency>
            <duration type="integer">1</duration>
            <group-id type="integer" nil="true"></group-id>
            <id type="integer">3785918</id>
            <name>Order #6854402970</name>
            <owner-id type="integer" nil="true"></owner-id>
            <party-id type="integer">211384149</party-id>
            <price type="integer">8</price>
            <price-type>fixed</price-type>
            <responsible-party-id type="integer" nil="true"></responsible-party-id>
            <status>won</status>
            <status-changed-on type="date" nil="true"></status-changed-on>
            <updated-at type="datetime">2014-07-07T21:13:56Z</updated-at>
            <visible-to>Everyone</visible-to>
            <party>
              <author-id type="integer">1049651</author-id>
              <background nil="true"></background>
              <company-id type="integer" nil="true"></company-id>
              <created-at type="datetime">2014-07-07T21:13:42Z</created-at>
              <first-name>Matthew</first-name>
              <group-id type="integer" nil="true"></group-id>
              <id type="integer">211384149</id>
              <last-name>Fisher</last-name>
              <owner-id type="integer" nil="true"></owner-id>
              <title nil="true"></title>
              <type>Person</type>
              <updated-at type="datetime">2014-07-07T21:14:11Z</updated-at>
              <visible-to>Everyone</visible-to>
              <company-name nil="true"></company-name>
              <linkedin-url nil="true"></linkedin-url>
              <avatar-url>http://dge9rmgqjs8m1.cloudfront.net/highrise/missing/avatar.gif?r=3</avatar-url>
        <tags type="array">
          <tag>
            <id type="integer">3577405</id>
            <name>Rustic Granite Hat</name>
          </tag>
          <tag>
            <id type="integer">3577406</id>
            <name>Incredible Plastic Hat</name>
          </tag>
          <tag>
            <id type="integer">3577409</id>
            <name>Sleek Steel Car</name>
          </tag>
          <tag>
            <id type="integer">3577410</id>
            <name>Gorgeous Rubber Car</name>
          </tag>
          <tag>
            <id type="integer">3577411</id>
            <name>Gorgeous Granite Gloves</name>
          </tag>
          <tag>
            <id type="integer">3577412</id>
            <name>Incredible Cotton Computer</name>
          </tag>
          <tag>
            <id type="integer">3577417</id>
            <name>Small Wooden Pants</name>
          </tag>
          <tag>
            <id type="integer">3577418</id>
            <name>Intelligent Concrete Chair</name>
          </tag>
          <tag>
            <id type="integer">3577419</id>
            <name>Incredible Rubber Gloves</name>
          </tag>
          <tag>
            <id type="integer">3577420</id>
            <name>Intelligent Wooden Table</name>
          </tag>
        </tags>
        <contact-data>
          <web-addresses type="array"/>
          <instant-messengers type="array"/>
          <twitter-accounts type="array"/>
          <phone-numbers type="array">
            <phone-number>
              <id type="integer">170272057</id>
              <location>Work</location>
              <number>7715700509347864966420767</number>
            </phone-number>
          </phone-numbers>
          <addresses type="array">
            <address>
              <city>Toyport</city>
              <country>Guyana</country>
              <id type="integer">101183493</id>
              <location>Work</location>
              <state>South Dakota</state>
              <street>770 Asa Ports</street>
              <zip>16935</zip>
            </address>
          </addresses>
          <email-addresses type="array">
            <email-address>
              <address>pablo_dicki@shanahanmoen.name</address>
              <id type="integer">108397541</id>
              <location>Work</location>
            </email-address>
          </email-addresses>
        </contact-data>
        <subject_datas type="array">
          <subject_data>
            <id type="integer">128674244</id>
            <subject_field_id type="integer">907855</subject_field_id>
            <subject_field_label>Customer ID</subject_field_label>
            <value>6078220502</value>
          </subject_data>
        </subject_datas>
            </party>
            <parties type="array"/>
          </deal>
          <deal>
            <account-id type="integer">319985</account-id>
            <author-id type="integer">1049651</author-id>
            <background nil="true"></background>
            <category-id type="integer" nil="true"></category-id>
            <created-at type="datetime">2014-07-07T21:14:14Z</created-at>
            <currency>USD</currency>
            <duration type="integer">1</duration>
            <group-id type="integer" nil="true"></group-id>
            <id type="integer">3785921</id>
            <name>Order #6854402970</name>
            <owner-id type="integer" nil="true"></owner-id>
            <party-id type="integer">211384149</party-id>
            <price type="integer">8</price>
            <price-type>fixed</price-type>
            <responsible-party-id type="integer" nil="true"></responsible-party-id>
            <status>won</status>
            <status-changed-on type="date" nil="true"></status-changed-on>
            <updated-at type="datetime">2014-07-07T21:14:14Z</updated-at>
            <visible-to>Everyone</visible-to>
            <party>
              <author-id type="integer">1049651</author-id>
              <background nil="true"></background>
              <company-id type="integer" nil="true"></company-id>
              <created-at type="datetime">2014-07-07T21:13:42Z</created-at>
              <first-name>Matthew</first-name>
              <group-id type="integer" nil="true"></group-id>
              <id type="integer">211384149</id>
              <last-name>Fisher</last-name>
              <owner-id type="integer" nil="true"></owner-id>
              <title nil="true"></title>
              <type>Person</type>
              <updated-at type="datetime">2014-07-07T21:14:11Z</updated-at>
              <visible-to>Everyone</visible-to>
              <company-name nil="true"></company-name>
              <linkedin-url nil="true"></linkedin-url>
              <avatar-url>http://dge9rmgqjs8m1.cloudfront.net/highrise/missing/avatar.gif?r=3</avatar-url>
        <tags type="array">
          <tag>
            <id type="integer">3577405</id>
            <name>Rustic Granite Hat</name>
          </tag>
          <tag>
            <id type="integer">3577406</id>
            <name>Incredible Plastic Hat</name>
          </tag>
          <tag>
            <id type="integer">3577409</id>
            <name>Sleek Steel Car</name>
          </tag>
          <tag>
            <id type="integer">3577410</id>
            <name>Gorgeous Rubber Car</name>
          </tag>
          <tag>
            <id type="integer">3577411</id>
            <name>Gorgeous Granite Gloves</name>
          </tag>
          <tag>
            <id type="integer">3577412</id>
            <name>Incredible Cotton Computer</name>
          </tag>
          <tag>
            <id type="integer">3577417</id>
            <name>Small Wooden Pants</name>
          </tag>
          <tag>
            <id type="integer">3577418</id>
            <name>Intelligent Concrete Chair</name>
          </tag>
          <tag>
            <id type="integer">3577419</id>
            <name>Incredible Rubber Gloves</name>
          </tag>
          <tag>
            <id type="integer">3577420</id>
            <name>Intelligent Wooden Table</name>
          </tag>
        </tags>
        <contact-data>
          <web-addresses type="array"/>
          <instant-messengers type="array"/>
          <twitter-accounts type="array"/>
          <phone-numbers type="array">
            <phone-number>
              <id type="integer">170272057</id>
              <location>Work</location>
              <number>7715700509347864966420767</number>
            </phone-number>
          </phone-numbers>
          <addresses type="array">
            <address>
              <city>Toyport</city>
              <country>Guyana</country>
              <id type="integer">101183493</id>
              <location>Work</location>
              <state>South Dakota</state>
              <street>770 Asa Ports</street>
              <zip>16935</zip>
            </address>
          </addresses>
          <email-addresses type="array">
            <email-address>
              <address>pablo_dicki@shanahanmoen.name</address>
              <id type="integer">108397541</id>
              <location>Work</location>
            </email-address>
          </email-addresses>
        </contact-data>
        <subject_datas type="array">
          <subject_data>
            <id type="integer">128674244</id>
            <subject_field_id type="integer">907855</subject_field_id>
            <subject_field_label>Customer ID</subject_field_label>
            <value>6078220502</value>
          </subject_data>
        </subject_datas>
            </party>
            <parties type="array"/>
          </deal>
          <deal>
            <account-id type="integer">319985</account-id>
            <author-id type="integer">1049651</author-id>
            <background nil="true"></background>
            <category-id type="integer" nil="true"></category-id>
            <created-at type="datetime">2014-07-08T15:17:24Z</created-at>
            <currency>USD</currency>
            <duration type="integer">1</duration>
            <group-id type="integer" nil="true"></group-id>
            <id type="integer">3787516</id>
            <name>Order #7201914994</name>
            <owner-id type="integer" nil="true"></owner-id>
            <party-id type="integer">211426589</party-id>
            <price type="integer">550</price>
            <price-type>fixed</price-type>
            <responsible-party-id type="integer" nil="true"></responsible-party-id>
            <status>won</status>
            <status-changed-on type="date" nil="true"></status-changed-on>
            <updated-at type="datetime">2014-07-08T15:17:24Z</updated-at>
            <visible-to>Everyone</visible-to>
            <party>
              <author-id type="integer">1049651</author-id>
              <background nil="true"></background>
              <company-id type="integer" nil="true"></company-id>
              <created-at type="datetime">2014-07-08T15:16:43Z</created-at>
              <first-name>Matthew</first-name>
              <group-id type="integer" nil="true"></group-id>
              <id type="integer">211426589</id>
              <last-name>Casper</last-name>
              <owner-id type="integer" nil="true"></owner-id>
              <title nil="true"></title>
              <type>Person</type>
              <updated-at type="datetime">2014-07-08T15:17:25Z</updated-at>
              <visible-to>Everyone</visible-to>
              <company-name nil="true"></company-name>
              <linkedin-url nil="true"></linkedin-url>
              <avatar-url>http://dge9rmgqjs8m1.cloudfront.net/highrise/missing/avatar.gif?r=3</avatar-url>
        <tags type="array">
          <tag>
            <id type="integer">3578588</id>
            <name>Fantastic Concrete Chair</name>
          </tag>
          <tag>
            <id type="integer">3578589</id>
            <name>Fantastic Concrete Shoes</name>
          </tag>
          <tag>
            <id type="integer">3578593</id>
            <name>Sleek Steel Computer</name>
          </tag>
          <tag>
            <id type="integer">3578594</id>
            <name>Awesome Granite Chair</name>
          </tag>
          <tag>
            <id type="integer">3578595</id>
            <name>Awesome Concrete Shirt</name>
          </tag>
          <tag>
            <id type="integer">3578596</id>
            <name>Practical Plastic Chair</name>
          </tag>
          <tag>
            <id type="integer">3578603</id>
            <name>Intelligent Granite Hat</name>
          </tag>
          <tag>
            <id type="integer">3578604</id>
            <name>Ergonomic Cotton Pants</name>
          </tag>
          <tag>
            <id type="integer">3578605</id>
            <name>Awesome Cotton Chair</name>
          </tag>
          <tag>
            <id type="integer">3578606</id>
            <name>Practical Wooden Computer</name>
          </tag>
        </tags>
        <contact-data>
          <web-addresses type="array"/>
          <instant-messengers type="array"/>
          <twitter-accounts type="array"/>
          <phone-numbers type="array">
            <phone-number>
              <id type="integer">170296717</id>
              <location>Work</location>
              <number>2827715661511509266837570</number>
            </phone-number>
          </phone-numbers>
          <addresses type="array">
            <address>
              <city>Dylanhaven</city>
              <country>South Africa</country>
              <id type="integer">101197398</id>
              <location>Work</location>
              <state>Texas</state>
              <street>9825 Lang Grove</street>
              <zip>70765</zip>
            </address>
          </addresses>
          <email-addresses type="array">
            <email-address>
              <address>alek@frami.org</address>
              <id type="integer">108425586</id>
              <location>Work</location>
            </email-address>
          </email-addresses>
        </contact-data>
        <subject_datas type="array">
          <subject_data>
            <id type="integer">128704660</id>
            <subject_field_id type="integer">907855</subject_field_id>
            <subject_field_label>Customer ID</subject_field_label>
            <value>0467877313</value>
          </subject_data>
        </subject_datas>
            </party>
            <parties type="array"/>
          </deal>
          <deal>
            <account-id type="integer">319985</account-id>
            <author-id type="integer">1049651</author-id>
            <background nil="true"></background>
            <category-id type="integer" nil="true"></category-id>
            <created-at type="datetime">2014-07-07T21:13:53Z</created-at>
            <currency>USD</currency>
            <duration type="integer">1</duration>
            <group-id type="integer" nil="true"></group-id>
            <id type="integer">3785917</id>
            <name>Order #7876365824</name>
            <owner-id type="integer" nil="true"></owner-id>
            <party-id type="integer">211384149</party-id>
            <price type="integer">3</price>
            <price-type>fixed</price-type>
            <responsible-party-id type="integer" nil="true"></responsible-party-id>
            <status>won</status>
            <status-changed-on type="date" nil="true"></status-changed-on>
            <updated-at type="datetime">2014-07-07T21:13:53Z</updated-at>
            <visible-to>Everyone</visible-to>
            <party>
              <author-id type="integer">1049651</author-id>
              <background nil="true"></background>
              <company-id type="integer" nil="true"></company-id>
              <created-at type="datetime">2014-07-07T21:13:42Z</created-at>
              <first-name>Matthew</first-name>
              <group-id type="integer" nil="true"></group-id>
              <id type="integer">211384149</id>
              <last-name>Fisher</last-name>
              <owner-id type="integer" nil="true"></owner-id>
              <title nil="true"></title>
              <type>Person</type>
              <updated-at type="datetime">2014-07-07T21:14:11Z</updated-at>
              <visible-to>Everyone</visible-to>
              <company-name nil="true"></company-name>
              <linkedin-url nil="true"></linkedin-url>
              <avatar-url>http://dge9rmgqjs8m1.cloudfront.net/highrise/missing/avatar.gif?r=3</avatar-url>
        <tags type="array">
          <tag>
            <id type="integer">3577405</id>
            <name>Rustic Granite Hat</name>
          </tag>
          <tag>
            <id type="integer">3577406</id>
            <name>Incredible Plastic Hat</name>
          </tag>
          <tag>
            <id type="integer">3577409</id>
            <name>Sleek Steel Car</name>
          </tag>
          <tag>
            <id type="integer">3577410</id>
            <name>Gorgeous Rubber Car</name>
          </tag>
          <tag>
            <id type="integer">3577411</id>
            <name>Gorgeous Granite Gloves</name>
          </tag>
          <tag>
            <id type="integer">3577412</id>
            <name>Incredible Cotton Computer</name>
          </tag>
          <tag>
            <id type="integer">3577417</id>
            <name>Small Wooden Pants</name>
          </tag>
          <tag>
            <id type="integer">3577418</id>
            <name>Intelligent Concrete Chair</name>
          </tag>
          <tag>
            <id type="integer">3577419</id>
            <name>Incredible Rubber Gloves</name>
          </tag>
          <tag>
            <id type="integer">3577420</id>
            <name>Intelligent Wooden Table</name>
          </tag>
        </tags>
        <contact-data>
          <web-addresses type="array"/>
          <instant-messengers type="array"/>
          <twitter-accounts type="array"/>
          <phone-numbers type="array">
            <phone-number>
              <id type="integer">170272057</id>
              <location>Work</location>
              <number>7715700509347864966420767</number>
            </phone-number>
          </phone-numbers>
          <addresses type="array">
            <address>
              <city>Toyport</city>
              <country>Guyana</country>
              <id type="integer">101183493</id>
              <location>Work</location>
              <state>South Dakota</state>
              <street>770 Asa Ports</street>
              <zip>16935</zip>
            </address>
          </addresses>
          <email-addresses type="array">
            <email-address>
              <address>pablo_dicki@shanahanmoen.name</address>
              <id type="integer">108397541</id>
              <location>Work</location>
            </email-address>
          </email-addresses>
        </contact-data>
        <subject_datas type="array">
          <subject_data>
            <id type="integer">128674244</id>
            <subject_field_id type="integer">907855</subject_field_id>
            <subject_field_label>Customer ID</subject_field_label>
            <value>6078220502</value>
          </subject_data>
        </subject_datas>
            </party>
            <parties type="array"/>
          </deal>
          <deal>
            <account-id type="integer">319985</account-id>
            <author-id type="integer">1049651</author-id>
            <background nil="true"></background>
            <category-id type="integer" nil="true"></category-id>
            <created-at type="datetime">2014-07-07T21:13:48Z</created-at>
            <currency>USD</currency>
            <duration type="integer">1</duration>
            <group-id type="integer" nil="true"></group-id>
            <id type="integer">3785916</id>
            <name>Order #8889447639</name>
            <owner-id type="integer" nil="true"></owner-id>
            <party-id type="integer">211384149</party-id>
            <price type="integer">1000</price>
            <price-type>fixed</price-type>
            <responsible-party-id type="integer" nil="true"></responsible-party-id>
            <status>won</status>
            <status-changed-on type="date" nil="true"></status-changed-on>
            <updated-at type="datetime">2014-07-07T21:13:49Z</updated-at>
            <visible-to>Everyone</visible-to>
            <party>
              <author-id type="integer">1049651</author-id>
              <background nil="true"></background>
              <company-id type="integer" nil="true"></company-id>
              <created-at type="datetime">2014-07-07T21:13:42Z</created-at>
              <first-name>Matthew</first-name>
              <group-id type="integer" nil="true"></group-id>
              <id type="integer">211384149</id>
              <last-name>Fisher</last-name>
              <owner-id type="integer" nil="true"></owner-id>
              <title nil="true"></title>
              <type>Person</type>
              <updated-at type="datetime">2014-07-07T21:14:11Z</updated-at>
              <visible-to>Everyone</visible-to>
              <company-name nil="true"></company-name>
              <linkedin-url nil="true"></linkedin-url>
              <avatar-url>http://dge9rmgqjs8m1.cloudfront.net/highrise/missing/avatar.gif?r=3</avatar-url>
        <tags type="array">
          <tag>
            <id type="integer">3577405</id>
            <name>Rustic Granite Hat</name>
          </tag>
          <tag>
            <id type="integer">3577406</id>
            <name>Incredible Plastic Hat</name>
          </tag>
          <tag>
            <id type="integer">3577409</id>
            <name>Sleek Steel Car</name>
          </tag>
          <tag>
            <id type="integer">3577410</id>
            <name>Gorgeous Rubber Car</name>
          </tag>
          <tag>
            <id type="integer">3577411</id>
            <name>Gorgeous Granite Gloves</name>
          </tag>
          <tag>
            <id type="integer">3577412</id>
            <name>Incredible Cotton Computer</name>
          </tag>
          <tag>
            <id type="integer">3577417</id>
            <name>Small Wooden Pants</name>
          </tag>
          <tag>
            <id type="integer">3577418</id>
            <name>Intelligent Concrete Chair</name>
          </tag>
          <tag>
            <id type="integer">3577419</id>
            <name>Incredible Rubber Gloves</name>
          </tag>
          <tag>
            <id type="integer">3577420</id>
            <name>Intelligent Wooden Table</name>
          </tag>
        </tags>
        <contact-data>
          <web-addresses type="array"/>
          <instant-messengers type="array"/>
          <twitter-accounts type="array"/>
          <phone-numbers type="array">
            <phone-number>
              <id type="integer">170272057</id>
              <location>Work</location>
              <number>7715700509347864966420767</number>
            </phone-number>
          </phone-numbers>
          <addresses type="array">
            <address>
              <city>Toyport</city>
              <country>Guyana</country>
              <id type="integer">101183493</id>
              <location>Work</location>
              <state>South Dakota</state>
              <street>770 Asa Ports</street>
              <zip>16935</zip>
            </address>
          </addresses>
          <email-addresses type="array">
            <email-address>
              <address>pablo_dicki@shanahanmoen.name</address>
              <id type="integer">108397541</id>
              <location>Work</location>
            </email-address>
          </email-addresses>
        </contact-data>
        <subject_datas type="array">
          <subject_data>
            <id type="integer">128674244</id>
            <subject_field_id type="integer">907855</subject_field_id>
            <subject_field_label>Customer ID</subject_field_label>
            <value>6078220502</value>
          </subject_data>
        </subject_datas>
            </party>
            <parties type="array"/>
          </deal>
        </deals>
    http_version: 
  recorded_at: Tue, 08 Jul 2014 15:17:30 GMT
- request:
    method: post
    uri: https://HIGHRISE_API_TOKEN:@HIGHRISE_SITE_HOST/notes.xml
    body:
      encoding: UTF-8
      string: |
        <?xml version="1.0" encoding="UTF-8"?>
        <note>
          <body>Tracking: 2453021495505432762520994

        Shipped to:
        Barrett Swift
        64080 Elisabeth Corners
        Suite 501
        Destineybury, Utah, Russian Federation 82891-4765


        Manifest:
        #small-steel-shoes - "Small Steel Shoes" | 2 @ 83.34/each
        #small-steel-shoes - "Small Steel Shoes" | 2 @ 83.34/each

        Shipped On: 2014-07-08T10:17:29.549-05:00
        </body>
          <subject-id type="integer">3787512</subject-id>
          <subject-type>Deal</subject-type>
        </note>
    headers:
      Content-Type:
      - application/xml
      Accept-Encoding:
      - gzip;q=1.0,deflate;q=0.6,identity;q=0.3
      Accept:
      - "*/*"
      User-Agent:
      - Ruby
  response:
    status:
      code: 201
      message: Created
    headers:
      Server:
      - nginx
      Date:
      - Tue, 08 Jul 2014 15:17:30 GMT
      Content-Type:
      - application/xml; charset=utf-8
      Content-Length:
      - '989'
      Connection:
      - keep-alive
      Status:
      - 201 Created
      X-Throttle-Horizon:
      - '2014-07-08T15:17:40Z'
      X-Runtime:
      - '29'
      Cache-Control:
      - no-cache
      X-Frame-Options:
      - SAMEORIGIN
      Strict-Transport-Security:
      - max-age=31536000
      X-Request-Id:
      - 34900a5db63cdfafa5d82da972d3c9f0
      Location:
      - https://HIGHRISE_SITE_HOST/notes/234680750
      X-Throttle-Count:
      - '1'
      X-Throttle-Max:
      - '500'
      Timing-Allow-Origin:
      - "*"
    body:
      encoding: UTF-8
      string: |
        <?xml version="1.0" encoding="UTF-8"?>
        <note>
          <author-id type="integer">1049651</author-id>
          <collection-id type="integer">3787512</collection-id>
          <collection-type>Deal</collection-type>
          <created-at type="datetime">2014-07-08T15:17:30Z</created-at>
          <group-id type="integer" nil="true"></group-id>
          <id type="integer">234680750</id>
          <owner-id type="integer" nil="true"></owner-id>
          <subject-id type="integer">3787512</subject-id>
          <subject-type>Deal</subject-type>
          <updated-at type="datetime">2014-07-08T15:17:30Z</updated-at>
          <visible-to>Everyone</visible-to>
          <body>Tracking: 2453021495505432762520994

        Shipped to:
        Barrett Swift
        64080 Elisabeth Corners
        Suite 501
        Destineybury, Utah, Russian Federation 82891-4765


        Manifest:
        #small-steel-shoes - &quot;Small Steel Shoes&quot; | 2 @ 83.34/each
        #small-steel-shoes - &quot;Small Steel Shoes&quot; | 2 @ 83.34/each

        Shipped On: 2014-07-08T10:17:29.549-05:00
        </body>
          <subject-name>Order #5162572250</subject-name>
        </note>
    http_version: 
  recorded_at: Tue, 08 Jul 2014 15:17:30 GMT
- request:
    method: post
    uri: https://HIGHRISE_API_TOKEN:@HIGHRISE_SITE_HOST/tasks.xml
    body:
      encoding: UTF-8
      string: |
        <?xml version="1.0" encoding="UTF-8"?>
        <task>
          <body>Qui voluptatem quo vitae consequatur rem voluptatem doloribus natus.</body>
          <frame>tomorrow</frame>
          <subject-type>Party</subject-type>
          <subject-id type="integer">211426589</subject-id>
          <owner-id type="integer">1049651</owner-id>
        </task>
    headers:
      Content-Type:
      - application/xml
      Accept-Encoding:
      - gzip;q=1.0,deflate;q=0.6,identity;q=0.3
      Accept:
      - "*/*"
      User-Agent:
      - Ruby
  response:
    status:
      code: 201
      message: Created
    headers:
      Server:
      - nginx
      Date:
      - Tue, 08 Jul 2014 15:17:30 GMT
      Content-Type:
      - application/xml; charset=utf-8
      Content-Length:
      - '875'
      Connection:
      - keep-alive
      Status:
      - 201 Created
      X-Throttle-Horizon:
      - '2014-07-08T15:17:40Z'
      X-Runtime:
      - '14'
      Cache-Control:
      - no-cache
      X-Frame-Options:
      - SAMEORIGIN
      Set-Cookie:
      - last_task_public=false; path=/; secure
      Strict-Transport-Security:
      - max-age=31536000
      X-Request-Id:
      - 3336c2369e5ddb9adc74f0a34b758a0b
      Location:
      - https://HIGHRISE_SITE_HOST/tasks/39590817
      X-Throttle-Count:
      - '2'
      X-Throttle-Max:
      - '500'
      Timing-Allow-Origin:
      - "*"
    body:
      encoding: UTF-8
      string: |
        <?xml version="1.0" encoding="UTF-8"?>
        <task>
          <alert-at type="datetime">2014-07-09T17:00:00Z</alert-at>
          <author-id type="integer">1049651</author-id>
          <body>Qui voluptatem quo vitae consequatur rem voluptatem doloribus natus.</body>
          <category-id type="integer" nil="true"></category-id>
          <created-at type="datetime">2014-07-08T15:17:30Z</created-at>
          <done-at type="datetime" nil="true"></done-at>
          <due-at type="datetime">2014-07-10T05:00:00Z</due-at>
          <id type="integer">39590817</id>
          <owner-id type="integer">1049651</owner-id>
          <recording-id type="integer" nil="true"></recording-id>
          <subject-id type="integer">211426589</subject-id>
          <subject-type>Party</subject-type>
          <updated-at type="datetime">2014-07-08T15:17:30Z</updated-at>
          <public type="boolean">false</public>
          <frame>tomorrow</frame>
          <subject-name>Matthew Casper</subject-name>
        </task>
    http_version: 
  recorded_at: Tue, 08 Jul 2014 15:17:30 GMT
- request:
    method: post
    uri: https://HIGHRISE_API_TOKEN:@HIGHRISE_SITE_HOST/tasks.xml
    body:
      encoding: UTF-8
      string: |
        <?xml version="1.0" encoding="UTF-8"?>
        <task>
          <body>Est cum qui et eveniet.</body>
          <frame>next_week</frame>
          <subject-type>Party</subject-type>
          <subject-id type="integer">211426589</subject-id>
          <owner-id type="integer">1049651</owner-id>
        </task>
    headers:
      Content-Type:
      - application/xml
      Accept-Encoding:
      - gzip;q=1.0,deflate;q=0.6,identity;q=0.3
      Accept:
      - "*/*"
      User-Agent:
      - Ruby
  response:
    status:
      code: 201
      message: Created
    headers:
      Server:
      - nginx
      Date:
      - Tue, 08 Jul 2014 15:17:30 GMT
      Content-Type:
      - application/xml; charset=utf-8
      Content-Length:
      - '822'
      Connection:
      - keep-alive
      Status:
      - 201 Created
      X-Throttle-Horizon:
      - '2014-07-08T15:17:40Z'
      X-Runtime:
      - '16'
      Cache-Control:
      - no-cache
      X-Frame-Options:
      - SAMEORIGIN
      Set-Cookie:
      - last_task_public=false; path=/; secure
      Strict-Transport-Security:
      - max-age=31536000
      X-Request-Id:
      - 690d9e8d91d7c51ba86d94f397d3ca62
      Location:
      - https://HIGHRISE_SITE_HOST/tasks/39590818
      X-Throttle-Count:
      - '3'
      X-Throttle-Max:
      - '500'
      Timing-Allow-Origin:
      - "*"
    body:
      encoding: UTF-8
      string: |
        <?xml version="1.0" encoding="UTF-8"?>
        <task>
          <alert-at type="datetime" nil="true"></alert-at>
          <author-id type="integer">1049651</author-id>
          <body>Est cum qui et eveniet.</body>
          <category-id type="integer" nil="true"></category-id>
          <created-at type="datetime">2014-07-08T15:17:30Z</created-at>
          <done-at type="datetime" nil="true"></done-at>
          <due-at type="datetime">2014-07-21T05:00:00Z</due-at>
          <id type="integer">39590818</id>
          <owner-id type="integer">1049651</owner-id>
          <recording-id type="integer" nil="true"></recording-id>
          <subject-id type="integer">211426589</subject-id>
          <subject-type>Party</subject-type>
          <updated-at type="datetime">2014-07-08T15:17:30Z</updated-at>
          <public type="boolean">false</public>
          <frame>next_week</frame>
          <subject-name>Matthew Casper</subject-name>
        </task>
    http_version: 
  recorded_at: Tue, 08 Jul 2014 15:17:30 GMT
- request:
    method: post
    uri: https://HIGHRISE_API_TOKEN:@HIGHRISE_SITE_HOST/tasks.xml
    body:
      encoding: UTF-8
      string: |
        <?xml version="1.0" encoding="UTF-8"?>
        <task>
          <body>Corrupti minima optio non et nihil.</body>
          <frame>specific</frame>
          <due-at>2007-03-10T15:11:52Z</due-at>
          <subject-type>Party</subject-type>
          <subject-id type="integer">211426589</subject-id>
          <owner-id type="integer">1049651</owner-id>
        </task>
    headers:
      Content-Type:
      - application/xml
      Accept-Encoding:
      - gzip;q=1.0,deflate;q=0.6,identity;q=0.3
      Accept:
      - "*/*"
      User-Agent:
      - Ruby
  response:
    status:
      code: 201
      message: Created
    headers:
      Server:
      - nginx
      Date:
      - Tue, 08 Jul 2014 15:17:30 GMT
      Content-Type:
      - application/xml; charset=utf-8
      Content-Length:
      - '841'
      Connection:
      - keep-alive
      Status:
      - 201 Created
      X-Throttle-Horizon:
      - '2014-07-08T15:17:40Z'
      X-Runtime:
      - '13'
      Cache-Control:
      - no-cache
      X-Frame-Options:
      - SAMEORIGIN
      Set-Cookie:
      - last_task_public=false; path=/; secure
      Strict-Transport-Security:
      - max-age=31536000
      X-Request-Id:
      - f1b495786adb4dcfe66e06a31e7025ac
      Location:
      - https://HIGHRISE_SITE_HOST/tasks/39590819
      X-Throttle-Count:
      - '4'
      X-Throttle-Max:
      - '500'
      Timing-Allow-Origin:
      - "*"
    body:
      encoding: UTF-8
      string: |
        <?xml version="1.0" encoding="UTF-8"?>
        <task>
          <alert-at type="datetime">2007-03-10T15:00:00Z</alert-at>
          <author-id type="integer">1049651</author-id>
          <body>Corrupti minima optio non et nihil.</body>
          <category-id type="integer" nil="true"></category-id>
          <created-at type="datetime">2014-07-08T15:17:30Z</created-at>
          <done-at type="datetime" nil="true"></done-at>
          <due-at type="datetime">2007-03-10T15:00:00Z</due-at>
          <id type="integer">39590819</id>
          <owner-id type="integer">1049651</owner-id>
          <recording-id type="integer" nil="true"></recording-id>
          <subject-id type="integer">211426589</subject-id>
          <subject-type>Party</subject-type>
          <updated-at type="datetime">2014-07-08T15:17:30Z</updated-at>
          <public type="boolean">false</public>
          <frame>overdue</frame>
          <subject-name>Matthew Casper</subject-name>
        </task>
    http_version: 
  recorded_at: Tue, 08 Jul 2014 15:17:30 GMT
- request:
    method: post
    uri: https://HIGHRISE_API_TOKEN:@HIGHRISE_SITE_HOST/tasks.xml
    body:
      encoding: UTF-8
      string: |
        <?xml version="1.0" encoding="UTF-8"?>
        <task>
          <body>Qui earum id hic consequatur aliquam vero.</body>
          <frame>today</frame>
          <subject-type>Deal</subject-type>
          <subject-id type="integer">3787512</subject-id>
          <owner-id type="integer">1049651</owner-id>
        </task>
    headers:
      Content-Type:
      - application/xml
      Accept-Encoding:
      - gzip;q=1.0,deflate;q=0.6,identity;q=0.3
      Accept:
      - "*/*"
      User-Agent:
      - Ruby
  response:
    status:
      code: 201
      message: Created
    headers:
      Server:
      - nginx
      Date:
      - Tue, 08 Jul 2014 15:17:30 GMT
      Content-Type:
      - application/xml; charset=utf-8
      Content-Length:
      - '846'
      Connection:
      - keep-alive
      Status:
      - 201 Created
      X-Throttle-Horizon:
      - '2014-07-08T15:17:40Z'
      X-Runtime:
      - '14'
      Cache-Control:
      - no-cache
      X-Frame-Options:
      - SAMEORIGIN
      Set-Cookie:
      - last_task_public=false; path=/; secure
      Strict-Transport-Security:
      - max-age=31536000
      X-Request-Id:
      - 07c1ac39a111de0a3d9009edeb505085
      Location:
      - https://HIGHRISE_SITE_HOST/tasks/39590820
      X-Throttle-Count:
      - '5'
      X-Throttle-Max:
      - '500'
      Timing-Allow-Origin:
      - "*"
    body:
      encoding: UTF-8
      string: |
        <?xml version="1.0" encoding="UTF-8"?>
        <task>
          <alert-at type="datetime">2014-07-08T18:15:00Z</alert-at>
          <author-id type="integer">1049651</author-id>
          <body>Qui earum id hic consequatur aliquam vero.</body>
          <category-id type="integer" nil="true"></category-id>
          <created-at type="datetime">2014-07-08T15:17:30Z</created-at>
          <done-at type="datetime" nil="true"></done-at>
          <due-at type="datetime">2014-07-09T05:00:00Z</due-at>
          <id type="integer">39590820</id>
          <owner-id type="integer">1049651</owner-id>
          <recording-id type="integer" nil="true"></recording-id>
          <subject-id type="integer">3787512</subject-id>
          <subject-type>Deal</subject-type>
          <updated-at type="datetime">2014-07-08T15:17:30Z</updated-at>
          <public type="boolean">false</public>
          <frame>today</frame>
          <subject-name>Order #5162572250</subject-name>
        </task>
    http_version: 
  recorded_at: Tue, 08 Jul 2014 15:17:30 GMT
- request:
    method: post
    uri: https://HIGHRISE_API_TOKEN:@HIGHRISE_SITE_HOST/tasks.xml
    body:
      encoding: UTF-8
      string: |
        <?xml version="1.0" encoding="UTF-8"?>
        <task>
          <body>Quasi nihil temporibus vel ipsam ad non.</body>
          <frame>this_week</frame>
          <subject-type>Deal</subject-type>
          <subject-id type="integer">3787512</subject-id>
          <owner-id type="integer">1049651</owner-id>
        </task>
    headers:
      Content-Type:
      - application/xml
      Accept-Encoding:
      - gzip;q=1.0,deflate;q=0.6,identity;q=0.3
      Accept:
      - "*/*"
      User-Agent:
      - Ruby
  response:
    status:
      code: 201
      message: Created
    headers:
      Server:
      - nginx
      Date:
      - Tue, 08 Jul 2014 15:17:31 GMT
      Content-Type:
      - application/xml; charset=utf-8
      Content-Length:
      - '839'
      Connection:
      - keep-alive
      Status:
      - 201 Created
      Location:
      - https://HIGHRISE_SITE_HOST/tasks/39590821
      Set-Cookie:
      - last_task_public=false; path=/; secure
      X-Throttle-Horizon:
      - '2014-07-08T15:17:40Z'
      X-Runtime:
      - '15'
      X-Request-Id:
      - 3e57b529e095fd000b45c8ebf404e8ba
      X-Throttle-Max:
      - '500'
      X-Frame-Options:
      - SAMEORIGIN
      X-Throttle-Count:
      - '6'
      Cache-Control:
      - no-cache
      Strict-Transport-Security:
      - max-age=31536000
      Timing-Allow-Origin:
      - "*"
    body:
      encoding: UTF-8
      string: |
        <?xml version="1.0" encoding="UTF-8"?>
        <task>
          <alert-at type="datetime" nil="true"></alert-at>
          <author-id type="integer">1049651</author-id>
          <body>Quasi nihil temporibus vel ipsam ad non.</body>
          <category-id type="integer" nil="true"></category-id>
          <created-at type="datetime">2014-07-08T15:17:31Z</created-at>
          <done-at type="datetime" nil="true"></done-at>
          <due-at type="datetime">2014-07-14T05:00:00Z</due-at>
          <id type="integer">39590821</id>
          <owner-id type="integer">1049651</owner-id>
          <recording-id type="integer" nil="true"></recording-id>
          <subject-id type="integer">3787512</subject-id>
          <subject-type>Deal</subject-type>
          <updated-at type="datetime">2014-07-08T15:17:31Z</updated-at>
          <public type="boolean">false</public>
          <frame>this_week</frame>
          <subject-name>Order #5162572250</subject-name>
        </task>
    http_version: 
  recorded_at: Tue, 08 Jul 2014 15:17:31 GMT
- request:
    method: post
    uri: https://HIGHRISE_API_TOKEN:@HIGHRISE_SITE_HOST/tasks.xml
    body:
      encoding: UTF-8
      string: |
        <?xml version="1.0" encoding="UTF-8"?>
        <task>
          <body>Ut velit quod ducimus sit aut.</body>
          <frame>later</frame>
          <subject-type>Deal</subject-type>
          <subject-id type="integer">3787512</subject-id>
          <owner-id type="integer">1049651</owner-id>
        </task>
    headers:
      Content-Type:
      - application/xml
      Accept-Encoding:
      - gzip;q=1.0,deflate;q=0.6,identity;q=0.3
      Accept:
      - "*/*"
      User-Agent:
      - Ruby
  response:
    status:
      code: 201
      message: Created
    headers:
      Server:
      - nginx
      Date:
      - Tue, 08 Jul 2014 15:17:31 GMT
      Content-Type:
      - application/xml; charset=utf-8
      Content-Length:
      - '816'
      Connection:
      - keep-alive
      Status:
      - 201 Created
      X-Throttle-Horizon:
      - '2014-07-08T15:17:40Z'
      X-Runtime:
      - '13'
      Cache-Control:
      - no-cache
      X-Frame-Options:
      - SAMEORIGIN
      Set-Cookie:
      - last_task_public=false; path=/; secure
      Strict-Transport-Security:
      - max-age=31536000
      X-Request-Id:
      - 44d571015db677712b3814f83b658a33
      Location:
      - https://HIGHRISE_SITE_HOST/tasks/39590822
      X-Throttle-Count:
      - '7'
      X-Throttle-Max:
      - '500'
      Timing-Allow-Origin:
      - "*"
    body:
      encoding: UTF-8
      string: |
        <?xml version="1.0" encoding="UTF-8"?>
        <task>
          <alert-at type="datetime" nil="true"></alert-at>
          <author-id type="integer">1049651</author-id>
          <body>Ut velit quod ducimus sit aut.</body>
          <category-id type="integer" nil="true"></category-id>
          <created-at type="datetime">2014-07-08T15:17:31Z</created-at>
          <done-at type="datetime" nil="true"></done-at>
          <due-at type="datetime" nil="true"></due-at>
          <id type="integer">39590822</id>
          <owner-id type="integer">1049651</owner-id>
          <recording-id type="integer" nil="true"></recording-id>
          <subject-id type="integer">3787512</subject-id>
          <subject-type>Deal</subject-type>
          <updated-at type="datetime">2014-07-08T15:17:31Z</updated-at>
          <public type="boolean">false</public>
          <frame>later</frame>
          <subject-name>Order #5162572250</subject-name>
        </task>
    http_version: 
  recorded_at: Tue, 08 Jul 2014 15:17:31 GMT
- request:
    method: put
    uri: https://HIGHRISE_API_TOKEN:@HIGHRISE_SITE_HOST/notes/234680750.xml
    body:
      encoding: UTF-8
      string: |
        <?xml version="1.0" encoding="UTF-8"?>
        <note>
          <body>Tracking: 2453021495505432762520994

        Shipped to:
        Barrett Swift
        64080 Elisabeth Corners
        Suite 501
        Destineybury, Utah, Russian Federation 82891-4765


        Manifest:
        #small-steel-shoes - "Small Steel Shoes" | 2 @ 83.34/each
        #small-steel-shoes - "Small Steel Shoes" | 2 @ 83.34/each

        Shipped On: 2014-07-08T10:17:29.549-05:00
        </body>
          <subject-id type="integer">3787512</subject-id>
          <subject-type>Deal</subject-type>
          <id type="integer">234680750</id>
          <author-id type="integer">1049651</author-id>
          <collection-id type="integer">3787512</collection-id>
          <collection-type>Deal</collection-type>
          <created-at type="dateTime">2014-07-08T15:17:30Z</created-at>
          <group-id nil="true"/>
          <owner-id nil="true"/>
          <updated-at type="dateTime">2014-07-08T15:17:30Z</updated-at>
          <visible-to>Everyone</visible-to>
          <subject-name>Order #5162572250</subject-name>
        </note>
    headers:
      Content-Type:
      - application/xml
      Accept-Encoding:
      - gzip;q=1.0,deflate;q=0.6,identity;q=0.3
      Accept:
      - "*/*"
      User-Agent:
      - Ruby
  response:
    status:
      code: 200
      message: OK
    headers:
      Server:
      - nginx
      Date:
      - Tue, 08 Jul 2014 15:17:31 GMT
      Content-Type:
      - application/xml; charset=utf-8
      Content-Length:
      - '1'
      Connection:
      - keep-alive
      Status:
      - 200 OK
      X-Throttle-Horizon:
      - '2014-07-08T15:17:40Z'
      X-Runtime:
      - '201'
      X-Request-Id:
      - 3ea6a194a4ae30d560a5848e5b3b679f
      X-Throttle-Max:
      - '500'
      X-Frame-Options:
      - SAMEORIGIN
      X-Throttle-Count:
      - '8'
      Cache-Control:
      - no-cache
      Strict-Transport-Security:
      - max-age=31536000
      Timing-Allow-Origin:
      - "*"
    body:
      encoding: UTF-8
      string: " "
    http_version: 
  recorded_at: Tue, 08 Jul 2014 15:17:31 GMT
recorded_with: VCR 2.9.2
