---
http_interactions:
- request:
    method: get
    uri: https://HIGHRISE_API_TOKEN:@HIGHRISE_SITE_HOST/me.xml
    body:
      encoding: US-ASCII
      string: ''
    headers:
      Accept:
      - application/xml
      Accept-Encoding:
      - gzip;q=1.0,deflate;q=0.6,identity;q=0.3
      User-Agent:
      - Ruby
  response:
    status:
      code: 200
      message: OK
    headers:
      Server:
      - nginx
      Date:
      - Tue, 08 Jul 2014 20:38:36 GMT
      Content-Type:
      - application/xml; charset=utf-8
      Content-Length:
      - '460'
      Connection:
      - keep-alive
      Status:
      - 200 OK
      X-Throttle-Horizon:
      - '2014-07-08T20:38:40Z'
      X-Runtime:
      - '9'
      Cache-Control:
      - private, max-age=0, must-revalidate
      X-Frame-Options:
      - SAMEORIGIN
      Strict-Transport-Security:
      - max-age=31536000
      X-Request-Id:
      - 1ccc4ecbea400cd535e9cb4979bd9de3
      X-Throttle-Count:
      - '17'
      X-Throttle-Max:
      - '500'
      Etag:
      - '"5b884c2c614a8b9ff11b8ff93e026b9d"'
      Timing-Allow-Origin:
      - "*"
    body:
      encoding: UTF-8
      string: |
        <?xml version="1.0" encoding="UTF-8"?>
        <user>
          <created-at type="datetime">2014-07-07T21:07:51Z</created-at>
          <id type="integer">1049651</id>
          <token>HIGHRISE_API_TOKEN</token>
          <updated-at type="datetime">2014-07-07T21:07:51Z</updated-at>
          <dropbox>dropbox@17969359.HIGHRISE_SITE_HOST</dropbox>
          <name>Matthew Sullivan</name>
          <email-address>msull92@gmail.com</email-address>
          <admin type="boolean">true</admin>
        </user>
    http_version: 
  recorded_at: Tue, 08 Jul 2014 20:38:36 GMT
- request:
    method: get
    uri: https://HIGHRISE_API_TOKEN:@HIGHRISE_SITE_HOST/people/search.xml?criteria%5Bcustomer_id%5D=2748750518&n=0
    body:
      encoding: US-ASCII
      string: ''
    headers:
      Accept:
      - application/xml
      Accept-Encoding:
      - gzip;q=1.0,deflate;q=0.6,identity;q=0.3
      User-Agent:
      - Ruby
  response:
    status:
      code: 200
      message: OK
    headers:
      Server:
      - nginx
      Date:
      - Tue, 08 Jul 2014 20:38:36 GMT
      Content-Type:
      - application/xml; charset=utf-8
      Content-Length:
      - '62'
      Connection:
      - keep-alive
      Status:
      - 200 OK
      X-Throttle-Horizon:
      - '2014-07-08T20:38:40Z'
      X-Runtime:
      - '10'
      X-Request-Id:
      - ac7e03ae104cfdf883a71e91f21e5117
      X-Throttle-Max:
      - '500'
      Etag:
      - '"304246700dd9732895ecf4e138caeb37"'
      X-Frame-Options:
      - SAMEORIGIN
      X-Throttle-Count:
      - '18'
      Cache-Control:
      - private, max-age=0, must-revalidate
      Strict-Transport-Security:
      - max-age=31536000
      Timing-Allow-Origin:
      - "*"
    body:
      encoding: UTF-8
      string: |
        <?xml version="1.0" encoding="UTF-8"?>
        <people type="array"/>
    http_version: 
  recorded_at: Tue, 08 Jul 2014 20:38:36 GMT
- request:
    method: post
    uri: https://HIGHRISE_API_TOKEN:@HIGHRISE_SITE_HOST/people.xml
    body:
      encoding: UTF-8
      string: |
        <?xml version="1.0" encoding="UTF-8"?>
        <person>
          <first-name>Rhianna</first-name>
          <last-name>Willms</last-name>
          <contact-data>
            <email-addresses type="array">
              <email-address>
                <address>willis@pagacgulgowski.com</address>
                <location>Work</location>
              </email-address>
            </email-addresses>
            <addresses type="array">
              <address>
                <city>Willmsshire</city>
                <country>Namibia</country>
                <location>Work</location>
                <state>Oregon</state>
                <street>51606 Hodkiewicz Heights</street>
                <zip>27040</zip>
              </address>
            </addresses>
            <phone-numbers type="array">
              <phone-number>
                <location>Work</location>
                <number>9425666348615947020308260</number>
              </phone-number>
            </phone-numbers>
            <customer-id>2748750518</customer-id>
          </contact-data>
        </person>
    headers:
      Content-Type:
      - application/xml
      Accept-Encoding:
      - gzip;q=1.0,deflate;q=0.6,identity;q=0.3
      Accept:
      - "*/*"
      User-Agent:
      - Ruby
  response:
    status:
      code: 201
      message: Created
    headers:
      Server:
      - nginx
      Date:
      - Tue, 08 Jul 2014 20:38:36 GMT
      Content-Type:
      - application/xml; charset=utf-8
      Content-Length:
      - '838'
      Connection:
      - Keep-Alive
      Status:
      - 201 Created
      X-Throttle-Horizon:
      - '2014-07-08T20:38:40Z'
      X-Runtime:
      - '43'
      Cache-Control:
      - no-cache
      X-Frame-Options:
      - SAMEORIGIN
      Set-Cookie:
      - _sunrise_session=BAh7BzoPc2Vzc2lvbl9pZCIlNzE4YmRlODllNDRhYTcxMjY0MGE5OTAxN2NmMTBjYzUiCmZsYXNoSUM6J0FjdGlvbkNvbnRyb2xsZXI6OkZsYXNoOjpGbGFzaEhhc2h7BjoPbmV3X3BlcnNvblQGOgpAdXNlZHsGOwdG--90313245d0a7739bd4f2cfa14c6c31a2b1c00926;
        path=/; HttpOnly; secure
      Strict-Transport-Security:
      - max-age=31536000
      X-Request-Id:
      - fcf3d5559f1a835708303bba72577b14
      Location:
      - https://HIGHRISE_SITE_HOST/people/211466435-rhianna-willms
      X-Throttle-Count:
      - '19'
      X-Throttle-Max:
      - '500'
      Timing-Allow-Origin:
      - "*"
      Vary:
      - Accept-Encoding
    body:
      encoding: UTF-8
      string: |
        <?xml version="1.0" encoding="UTF-8"?>
        <person>
          <author-id type="integer">1049651</author-id>
          <background nil="true"></background>
          <company-id type="integer" nil="true"></company-id>
          <created-at type="datetime">2014-07-08T20:38:36Z</created-at>
          <first-name>Rhianna</first-name>
          <group-id type="integer" nil="true"></group-id>
          <id type="integer">211466435</id>
          <last-name>Willms</last-name>
          <owner-id type="integer" nil="true"></owner-id>
          <title nil="true"></title>
          <updated-at type="datetime">2014-07-08T20:38:36Z</updated-at>
          <visible-to>Everyone</visible-to>
          <company-name nil="true"></company-name>
          <linkedin-url nil="true"></linkedin-url>
          <avatar-url>http://dge9rmgqjs8m1.cloudfront.net/highrise/missing/avatar.gif?r=3</avatar-url>
        <contact-data>
          <phone-numbers type="array">
            <phone-number>
              <id type="integer">170316294</id>
              <location>Work</location>
              <number>9425666348615947020308260</number>
            </phone-number>
          </phone-numbers>
          <email-addresses type="array">
            <email-address>
              <address>willis@pagacgulgowski.com</address>
              <id type="integer">108456518</id>
              <location>Work</location>
            </email-address>
          </email-addresses>
          <web-addresses type="array"/>
          <instant-messengers type="array"/>
          <twitter-accounts type="array"/>
          <addresses type="array">
            <address>
              <city>Willmsshire</city>
              <country>Namibia</country>
              <id type="integer">101206104</id>
              <location>Work</location>
              <state>Oregon</state>
              <street>51606 Hodkiewicz Heights</street>
              <zip>27040</zip>
            </address>
          </addresses>
        </contact-data>
        <subject_datas type="array">
          <subject_data>
            <id type="integer">128720251</id>
            <subject_field_id type="integer">907855</subject_field_id>
            <subject_field_label>Customer ID</subject_field_label>
            <value>2748750518</value>
          </subject_data>
        </subject_datas>
        </person>
    http_version: 
  recorded_at: Tue, 08 Jul 2014 20:38:36 GMT
- request:
    method: post
    uri: https://HIGHRISE_API_TOKEN:@HIGHRISE_SITE_HOST/people/211466435/tags.xml?name=Small%20Rubber%20Computer
    body:
      encoding: UTF-8
      string: |
        <?xml version="1.0" encoding="UTF-8"?>
        <person>
          <first-name>Rhianna</first-name>
          <last-name>Willms</last-name>
          <contact-data>
            <phone-numbers type="array">
              <phone-number>
                <id type="integer">170316294</id>
                <location>Work</location>
                <number>9425666348615947020308260</number>
              </phone-number>
            </phone-numbers>
            <email-addresses type="array">
              <email-address>
                <address>willis@pagacgulgowski.com</address>
                <id type="integer">108456518</id>
                <location>Work</location>
              </email-address>
            </email-addresses>
            <web-addresses type="array"/>
            <instant-messengers type="array"/>
            <twitter-accounts type="array"/>
            <addresses type="array">
              <address>
                <city>Willmsshire</city>
                <country>Namibia</country>
                <id type="integer">101206104</id>
                <location>Work</location>
                <state>Oregon</state>
                <street>51606 Hodkiewicz Heights</street>
                <zip>27040</zip>
              </address>
            </addresses>
          </contact-data>
          <id type="integer">211466435</id>
          <author-id type="integer">1049651</author-id>
          <background nil="true"/>
          <company-id nil="true"/>
          <created-at type="dateTime">2014-07-08T20:38:36Z</created-at>
          <group-id nil="true"/>
          <owner-id nil="true"/>
          <title nil="true"/>
          <updated-at type="dateTime">2014-07-08T20:38:36Z</updated-at>
          <visible-to>Everyone</visible-to>
          <company-name nil="true"/>
          <linkedin-url nil="true"/>
          <avatar-url>http://dge9rmgqjs8m1.cloudfront.net/highrise/missing/avatar.gif?r=3</avatar-url>
          <subject-datas type="array">
            <subject-data>
              <id type="integer">128720251</id>
              <subject-field-id type="integer">907855</subject-field-id>
              <subject-field-label>Customer ID</subject-field-label>
              <value>2748750518</value>
            </subject-data>
          </subject-datas>
        </person>
    headers:
      Content-Type:
      - application/xml
      Accept-Encoding:
      - gzip;q=1.0,deflate;q=0.6,identity;q=0.3
      Accept:
      - "*/*"
      User-Agent:
      - Ruby
  response:
    status:
      code: 201
      message: Created
    headers:
      Server:
      - nginx
      Date:
      - Tue, 08 Jul 2014 20:38:36 GMT
      Content-Type:
      - application/xml; charset=utf-8
      Content-Length:
      - '123'
      Connection:
      - keep-alive
      Status:
      - 201 Created
      Location:
      - https://HIGHRISE_SITE_HOST/tags/3579273-small-rubber-computer
      X-Throttle-Horizon:
      - '2014-07-08T20:38:40Z'
      X-Runtime:
      - '28'
      X-Request-Id:
      - b798eecb471f121a9ef6b82621755d7d
      X-Throttle-Max:
      - '500'
      X-Frame-Options:
      - SAMEORIGIN
      X-Throttle-Count:
      - '20'
      Cache-Control:
      - no-cache
      Strict-Transport-Security:
      - max-age=31536000
      Timing-Allow-Origin:
      - "*"
    body:
      encoding: UTF-8
      string: |
        <?xml version="1.0" encoding="UTF-8"?>
        <tag>
          <id type="integer">3579273</id>
          <name>Small Rubber Computer</name>
        </tag>
    http_version: 
  recorded_at: Tue, 08 Jul 2014 20:38:36 GMT
- request:
    method: post
    uri: https://HIGHRISE_API_TOKEN:@HIGHRISE_SITE_HOST/people/211466435/tags.xml?name=Practical%20Steel%20Hat
    body:
      encoding: UTF-8
      string: |
        <?xml version="1.0" encoding="UTF-8"?>
        <person>
          <first-name>Rhianna</first-name>
          <last-name>Willms</last-name>
          <contact-data>
            <phone-numbers type="array">
              <phone-number>
                <id type="integer">170316294</id>
                <location>Work</location>
                <number>9425666348615947020308260</number>
              </phone-number>
            </phone-numbers>
            <email-addresses type="array">
              <email-address>
                <address>willis@pagacgulgowski.com</address>
                <id type="integer">108456518</id>
                <location>Work</location>
              </email-address>
            </email-addresses>
            <web-addresses type="array"/>
            <instant-messengers type="array"/>
            <twitter-accounts type="array"/>
            <addresses type="array">
              <address>
                <city>Willmsshire</city>
                <country>Namibia</country>
                <id type="integer">101206104</id>
                <location>Work</location>
                <state>Oregon</state>
                <street>51606 Hodkiewicz Heights</street>
                <zip>27040</zip>
              </address>
            </addresses>
          </contact-data>
          <id type="integer">211466435</id>
          <author-id type="integer">1049651</author-id>
          <background nil="true"/>
          <company-id nil="true"/>
          <created-at type="dateTime">2014-07-08T20:38:36Z</created-at>
          <group-id nil="true"/>
          <owner-id nil="true"/>
          <title nil="true"/>
          <updated-at type="dateTime">2014-07-08T20:38:36Z</updated-at>
          <visible-to>Everyone</visible-to>
          <company-name nil="true"/>
          <linkedin-url nil="true"/>
          <avatar-url>http://dge9rmgqjs8m1.cloudfront.net/highrise/missing/avatar.gif?r=3</avatar-url>
          <subject-datas type="array">
            <subject-data>
              <id type="integer">128720251</id>
              <subject-field-id type="integer">907855</subject-field-id>
              <subject-field-label>Customer ID</subject-field-label>
              <value>2748750518</value>
            </subject-data>
          </subject-datas>
        </person>
    headers:
      Content-Type:
      - application/xml
      Accept-Encoding:
      - gzip;q=1.0,deflate;q=0.6,identity;q=0.3
      Accept:
      - "*/*"
      User-Agent:
      - Ruby
  response:
    status:
      code: 201
      message: Created
    headers:
      Server:
      - nginx
      Date:
      - Tue, 08 Jul 2014 20:38:37 GMT
      Content-Type:
      - application/xml; charset=utf-8
      Content-Length:
      - '121'
      Connection:
      - keep-alive
      Status:
      - 201 Created
      Location:
      - https://HIGHRISE_SITE_HOST/tags/3579274-practical-steel-hat
      X-Throttle-Horizon:
      - '2014-07-08T20:38:40Z'
      X-Runtime:
      - '219'
      X-Request-Id:
      - 35d36fd3d9ba763d2307de3a88be622f
      X-Throttle-Max:
      - '500'
      X-Frame-Options:
      - SAMEORIGIN
      X-Throttle-Count:
      - '21'
      Cache-Control:
      - no-cache
      Strict-Transport-Security:
      - max-age=31536000
      Timing-Allow-Origin:
      - "*"
    body:
      encoding: UTF-8
      string: |
        <?xml version="1.0" encoding="UTF-8"?>
        <tag>
          <id type="integer">3579274</id>
          <name>Practical Steel Hat</name>
        </tag>
    http_version: 
  recorded_at: Tue, 08 Jul 2014 20:38:37 GMT
- request:
    method: post
    uri: https://HIGHRISE_API_TOKEN:@HIGHRISE_SITE_HOST/tasks.xml
    body:
      encoding: UTF-8
      string: |
        <?xml version="1.0" encoding="UTF-8"?>
        <task>
          <body>Consequatur dolorem voluptas at.</body>
          <frame>today</frame>
          <subject-type>Party</subject-type>
          <subject-id type="integer">211466435</subject-id>
          <owner-id type="integer">1049651</owner-id>
        </task>
    headers:
      Content-Type:
      - application/xml
      Accept-Encoding:
      - gzip;q=1.0,deflate;q=0.6,identity;q=0.3
      Accept:
      - "*/*"
      User-Agent:
      - Ruby
  response:
    status:
      code: 201
      message: Created
    headers:
      Server:
      - nginx
      Date:
      - Tue, 08 Jul 2014 20:38:37 GMT
      Content-Type:
      - application/xml; charset=utf-8
      Content-Length:
      - '836'
      Connection:
      - keep-alive
      Status:
      - 201 Created
      Location:
      - https://HIGHRISE_SITE_HOST/tasks/39601356
      Set-Cookie:
      - last_task_public=false; path=/; secure
      X-Throttle-Horizon:
      - '2014-07-08T20:38:40Z'
      X-Runtime:
      - '14'
      X-Request-Id:
      - 1e97a202a15fd91874ee658f62a7ba86
      X-Throttle-Max:
      - '500'
      X-Frame-Options:
      - SAMEORIGIN
      X-Throttle-Count:
      - '22'
      Cache-Control:
      - no-cache
      Strict-Transport-Security:
      - max-age=31536000
      Timing-Allow-Origin:
      - "*"
    body:
      encoding: UTF-8
      string: |
        <?xml version="1.0" encoding="UTF-8"?>
        <task>
          <alert-at type="datetime">2014-07-08T23:30:00Z</alert-at>
          <author-id type="integer">1049651</author-id>
          <body>Consequatur dolorem voluptas at.</body>
          <category-id type="integer" nil="true"></category-id>
          <created-at type="datetime">2014-07-08T20:38:37Z</created-at>
          <done-at type="datetime" nil="true"></done-at>
          <due-at type="datetime">2014-07-09T05:00:00Z</due-at>
          <id type="integer">39601356</id>
          <owner-id type="integer">1049651</owner-id>
          <recording-id type="integer" nil="true"></recording-id>
          <subject-id type="integer">211466435</subject-id>
          <subject-type>Party</subject-type>
          <updated-at type="datetime">2014-07-08T20:38:37Z</updated-at>
          <public type="boolean">false</public>
          <frame>today</frame>
          <subject-name>Rhianna Willms</subject-name>
        </task>
    http_version: 
  recorded_at: Tue, 08 Jul 2014 20:38:37 GMT
- request:
    method: post
    uri: https://HIGHRISE_API_TOKEN:@HIGHRISE_SITE_HOST/tasks.xml
    body:
      encoding: UTF-8
      string: |
        <?xml version="1.0" encoding="UTF-8"?>
        <task>
          <body>Sint officiis explicabo qui et saepe illo numquam magni.</body>
          <frame>tomorrow</frame>
          <subject-type>Party</subject-type>
          <subject-id type="integer">211466435</subject-id>
          <owner-id type="integer">1049651</owner-id>
        </task>
    headers:
      Content-Type:
      - application/xml
      Accept-Encoding:
      - gzip;q=1.0,deflate;q=0.6,identity;q=0.3
      Accept:
      - "*/*"
      User-Agent:
      - Ruby
  response:
    status:
      code: 201
      message: Created
    headers:
      Server:
      - nginx
      Date:
      - Tue, 08 Jul 2014 20:38:37 GMT
      Content-Type:
      - application/xml; charset=utf-8
      Content-Length:
      - '863'
      Connection:
      - keep-alive
      Status:
      - 201 Created
      X-Throttle-Horizon:
      - '2014-07-08T20:38:40Z'
      X-Runtime:
      - '14'
      Cache-Control:
      - no-cache
      X-Frame-Options:
      - SAMEORIGIN
      Set-Cookie:
      - last_task_public=false; path=/; secure
      Strict-Transport-Security:
      - max-age=31536000
      X-Request-Id:
      - 8df1085bef6acbcddebf2a622bec55eb
      Location:
      - https://HIGHRISE_SITE_HOST/tasks/39601357
      X-Throttle-Count:
      - '23'
      X-Throttle-Max:
      - '500'
      Timing-Allow-Origin:
      - "*"
    body:
      encoding: UTF-8
      string: |
        <?xml version="1.0" encoding="UTF-8"?>
        <task>
          <alert-at type="datetime">2014-07-09T17:00:00Z</alert-at>
          <author-id type="integer">1049651</author-id>
          <body>Sint officiis explicabo qui et saepe illo numquam magni.</body>
          <category-id type="integer" nil="true"></category-id>
          <created-at type="datetime">2014-07-08T20:38:37Z</created-at>
          <done-at type="datetime" nil="true"></done-at>
          <due-at type="datetime">2014-07-10T05:00:00Z</due-at>
          <id type="integer">39601357</id>
          <owner-id type="integer">1049651</owner-id>
          <recording-id type="integer" nil="true"></recording-id>
          <subject-id type="integer">211466435</subject-id>
          <subject-type>Party</subject-type>
          <updated-at type="datetime">2014-07-08T20:38:37Z</updated-at>
          <public type="boolean">false</public>
          <frame>tomorrow</frame>
          <subject-name>Rhianna Willms</subject-name>
        </task>
    http_version: 
  recorded_at: Tue, 08 Jul 2014 20:38:37 GMT
- request:
    method: post
    uri: https://HIGHRISE_API_TOKEN:@HIGHRISE_SITE_HOST/tasks.xml
    body:
      encoding: UTF-8
      string: |
        <?xml version="1.0" encoding="UTF-8"?>
        <task>
          <body>Saepe nihil veniam ad dolor est est minima.</body>
          <frame>this_week</frame>
          <subject-type>Party</subject-type>
          <subject-id type="integer">211466435</subject-id>
          <owner-id type="integer">1049651</owner-id>
        </task>
    headers:
      Content-Type:
      - application/xml
      Accept-Encoding:
      - gzip;q=1.0,deflate;q=0.6,identity;q=0.3
      Accept:
      - "*/*"
      User-Agent:
      - Ruby
  response:
    status:
      code: 201
      message: Created
    headers:
      Server:
      - nginx
      Date:
      - Tue, 08 Jul 2014 20:38:37 GMT
      Content-Type:
      - application/xml; charset=utf-8
      Content-Length:
      - '842'
      Connection:
      - keep-alive
      Status:
      - 201 Created
      X-Throttle-Horizon:
      - '2014-07-08T20:38:40Z'
      X-Runtime:
      - '15'
      Cache-Control:
      - no-cache
      X-Frame-Options:
      - SAMEORIGIN
      Set-Cookie:
      - last_task_public=false; path=/; secure
      Strict-Transport-Security:
      - max-age=31536000
      X-Request-Id:
      - 5312718dfb2b4472d941a2b62ab3a0dc
      Location:
      - https://HIGHRISE_SITE_HOST/tasks/39601358
      X-Throttle-Count:
      - '24'
      X-Throttle-Max:
      - '500'
      Timing-Allow-Origin:
      - "*"
    body:
      encoding: UTF-8
      string: |
        <?xml version="1.0" encoding="UTF-8"?>
        <task>
          <alert-at type="datetime" nil="true"></alert-at>
          <author-id type="integer">1049651</author-id>
          <body>Saepe nihil veniam ad dolor est est minima.</body>
          <category-id type="integer" nil="true"></category-id>
          <created-at type="datetime">2014-07-08T20:38:37Z</created-at>
          <done-at type="datetime" nil="true"></done-at>
          <due-at type="datetime">2014-07-14T05:00:00Z</due-at>
          <id type="integer">39601358</id>
          <owner-id type="integer">1049651</owner-id>
          <recording-id type="integer" nil="true"></recording-id>
          <subject-id type="integer">211466435</subject-id>
          <subject-type>Party</subject-type>
          <updated-at type="datetime">2014-07-08T20:38:37Z</updated-at>
          <public type="boolean">false</public>
          <frame>this_week</frame>
          <subject-name>Rhianna Willms</subject-name>
        </task>
    http_version: 
  recorded_at: Tue, 08 Jul 2014 20:38:37 GMT
- request:
    method: post
    uri: https://HIGHRISE_API_TOKEN:@HIGHRISE_SITE_HOST/tasks.xml
    body:
      encoding: UTF-8
      string: |
        <?xml version="1.0" encoding="UTF-8"?>
        <task>
          <body>Accusamus voluptates commodi eius voluptatem ipsam ipsum dolores ut.</body>
          <frame>next_week</frame>
          <subject-type>Party</subject-type>
          <subject-id type="integer">211466435</subject-id>
          <owner-id type="integer">1049651</owner-id>
        </task>
    headers:
      Content-Type:
      - application/xml
      Accept-Encoding:
      - gzip;q=1.0,deflate;q=0.6,identity;q=0.3
      Accept:
      - "*/*"
      User-Agent:
      - Ruby
  response:
    status:
      code: 201
      message: Created
    headers:
      Server:
      - nginx
      Date:
      - Tue, 08 Jul 2014 20:38:37 GMT
      Content-Type:
      - application/xml; charset=utf-8
      Content-Length:
      - '867'
      Connection:
      - keep-alive
      Status:
      - 201 Created
      X-Throttle-Horizon:
      - '2014-07-08T20:38:40Z'
      X-Runtime:
      - '15'
      Cache-Control:
      - no-cache
      X-Frame-Options:
      - SAMEORIGIN
      Set-Cookie:
      - last_task_public=false; path=/; secure
      Strict-Transport-Security:
      - max-age=31536000
      X-Request-Id:
      - 070d506627025ce357d20c6ffca9c11e
      Location:
      - https://HIGHRISE_SITE_HOST/tasks/39601359
      X-Throttle-Count:
      - '25'
      X-Throttle-Max:
      - '500'
      Timing-Allow-Origin:
      - "*"
    body:
      encoding: UTF-8
      string: |
        <?xml version="1.0" encoding="UTF-8"?>
        <task>
          <alert-at type="datetime" nil="true"></alert-at>
          <author-id type="integer">1049651</author-id>
          <body>Accusamus voluptates commodi eius voluptatem ipsam ipsum dolores ut.</body>
          <category-id type="integer" nil="true"></category-id>
          <created-at type="datetime">2014-07-08T20:38:37Z</created-at>
          <done-at type="datetime" nil="true"></done-at>
          <due-at type="datetime">2014-07-21T05:00:00Z</due-at>
          <id type="integer">39601359</id>
          <owner-id type="integer">1049651</owner-id>
          <recording-id type="integer" nil="true"></recording-id>
          <subject-id type="integer">211466435</subject-id>
          <subject-type>Party</subject-type>
          <updated-at type="datetime">2014-07-08T20:38:37Z</updated-at>
          <public type="boolean">false</public>
          <frame>next_week</frame>
          <subject-name>Rhianna Willms</subject-name>
        </task>
    http_version: 
  recorded_at: Tue, 08 Jul 2014 20:38:37 GMT
- request:
    method: post
    uri: https://HIGHRISE_API_TOKEN:@HIGHRISE_SITE_HOST/tasks.xml
    body:
      encoding: UTF-8
      string: |
        <?xml version="1.0" encoding="UTF-8"?>
        <task>
          <body>Exercitationem distinctio molestiae aliquam voluptatem quod.</body>
          <frame>later</frame>
          <subject-type>Party</subject-type>
          <subject-id type="integer">211466435</subject-id>
          <owner-id type="integer">1049651</owner-id>
        </task>
    headers:
      Content-Type:
      - application/xml
      Accept-Encoding:
      - gzip;q=1.0,deflate;q=0.6,identity;q=0.3
      Accept:
      - "*/*"
      User-Agent:
      - Ruby
  response:
    status:
      code: 201
      message: Created
    headers:
      Server:
      - nginx
      Date:
      - Tue, 08 Jul 2014 20:38:37 GMT
      Content-Type:
      - application/xml; charset=utf-8
      Content-Length:
      - '846'
      Connection:
      - keep-alive
      Status:
      - 201 Created
      Location:
      - https://HIGHRISE_SITE_HOST/tasks/39601360
      Set-Cookie:
      - last_task_public=false; path=/; secure
      X-Throttle-Horizon:
      - '2014-07-08T20:38:40Z'
      X-Runtime:
      - '16'
      X-Request-Id:
      - af32cf53df9607891833a0e8c9d04470
      X-Throttle-Max:
      - '500'
      X-Frame-Options:
      - SAMEORIGIN
      X-Throttle-Count:
      - '26'
      Cache-Control:
      - no-cache
      Strict-Transport-Security:
      - max-age=31536000
      Timing-Allow-Origin:
      - "*"
    body:
      encoding: UTF-8
      string: |
        <?xml version="1.0" encoding="UTF-8"?>
        <task>
          <alert-at type="datetime" nil="true"></alert-at>
          <author-id type="integer">1049651</author-id>
          <body>Exercitationem distinctio molestiae aliquam voluptatem quod.</body>
          <category-id type="integer" nil="true"></category-id>
          <created-at type="datetime">2014-07-08T20:38:37Z</created-at>
          <done-at type="datetime" nil="true"></done-at>
          <due-at type="datetime" nil="true"></due-at>
          <id type="integer">39601360</id>
          <owner-id type="integer">1049651</owner-id>
          <recording-id type="integer" nil="true"></recording-id>
          <subject-id type="integer">211466435</subject-id>
          <subject-type>Party</subject-type>
          <updated-at type="datetime">2014-07-08T20:38:37Z</updated-at>
          <public type="boolean">false</public>
          <frame>later</frame>
          <subject-name>Rhianna Willms</subject-name>
        </task>
    http_version: 
  recorded_at: Tue, 08 Jul 2014 20:38:37 GMT
- request:
    method: post
    uri: https://HIGHRISE_API_TOKEN:@HIGHRISE_SITE_HOST/tasks.xml
    body:
      encoding: UTF-8
      string: |
        <?xml version="1.0" encoding="UTF-8"?>
        <task>
          <body>Inventore incidunt veritatis omnis laudantium sit.</body>
          <frame>specific</frame>
          <due-at>2007-03-10T15:11:52Z</due-at>
          <subject-type>Party</subject-type>
          <subject-id type="integer">211466435</subject-id>
          <owner-id type="integer">1049651</owner-id>
        </task>
    headers:
      Content-Type:
      - application/xml
      Accept-Encoding:
      - gzip;q=1.0,deflate;q=0.6,identity;q=0.3
      Accept:
      - "*/*"
      User-Agent:
      - Ruby
  response:
    status:
      code: 201
      message: Created
    headers:
      Server:
      - nginx
      Date:
      - Tue, 08 Jul 2014 20:38:38 GMT
      Content-Type:
      - application/xml; charset=utf-8
      Content-Length:
      - '856'
      Connection:
      - keep-alive
      Status:
      - 201 Created
      Location:
      - https://HIGHRISE_SITE_HOST/tasks/39601361
      Set-Cookie:
      - last_task_public=false; path=/; secure
      X-Throttle-Horizon:
      - '2014-07-08T20:38:40Z'
      X-Runtime:
      - '14'
      X-Request-Id:
      - a260f4e7ab49645b35b13148d73ed8ac
      X-Throttle-Max:
      - '500'
      X-Frame-Options:
      - SAMEORIGIN
      X-Throttle-Count:
      - '27'
      Cache-Control:
      - no-cache
      Strict-Transport-Security:
      - max-age=31536000
      Timing-Allow-Origin:
      - "*"
    body:
      encoding: UTF-8
      string: |
        <?xml version="1.0" encoding="UTF-8"?>
        <task>
          <alert-at type="datetime">2007-03-10T15:00:00Z</alert-at>
          <author-id type="integer">1049651</author-id>
          <body>Inventore incidunt veritatis omnis laudantium sit.</body>
          <category-id type="integer" nil="true"></category-id>
          <created-at type="datetime">2014-07-08T20:38:38Z</created-at>
          <done-at type="datetime" nil="true"></done-at>
          <due-at type="datetime">2007-03-10T15:00:00Z</due-at>
          <id type="integer">39601361</id>
          <owner-id type="integer">1049651</owner-id>
          <recording-id type="integer" nil="true"></recording-id>
          <subject-id type="integer">211466435</subject-id>
          <subject-type>Party</subject-type>
          <updated-at type="datetime">2014-07-08T20:38:38Z</updated-at>
          <public type="boolean">false</public>
          <frame>overdue</frame>
          <subject-name>Rhianna Willms</subject-name>
        </task>
    http_version: 
  recorded_at: Tue, 08 Jul 2014 20:38:38 GMT
recorded_with: VCR 2.9.2
